Archive member included to satisfy reference by file (symbol)

/opt/st/stm32cubeide_1.15.0/plugins/com.st.stm32cube.ide.mcu.externaltools.gnu-tools-for-stm32.12.3.rel1.linux64_1.0.100.202403111256/tools/bin/../lib/gcc/arm-none-eabi/12.3.1/../../../../arm-none-eabi/lib/thumb/v7e-m+fp/hard/libc_nano.a(libc_a-exit.o)
                              /opt/st/stm32cubeide_1.15.0/plugins/com.st.stm32cube.ide.mcu.externaltools.gnu-tools-for-stm32.12.3.rel1.linux64_1.0.100.202403111256/tools/bin/../lib/gcc/arm-none-eabi/12.3.1/../../../../arm-none-eabi/lib/thumb/v7e-m+fp/hard/crt0.o (exit)
/opt/st/stm32cubeide_1.15.0/plugins/com.st.stm32cube.ide.mcu.externaltools.gnu-tools-for-stm32.12.3.rel1.linux64_1.0.100.202403111256/tools/bin/../lib/gcc/arm-none-eabi/12.3.1/../../../../arm-none-eabi/lib/thumb/v7e-m+fp/hard/libc_nano.a(libc_a-malloc.o)
                              ./Core/Src/EE240_LabPart06_Utilities.o (malloc)
/opt/st/stm32cubeide_1.15.0/plugins/com.st.stm32cube.ide.mcu.externaltools.gnu-tools-for-stm32.12.3.rel1.linux64_1.0.100.202403111256/tools/bin/../lib/gcc/arm-none-eabi/12.3.1/../../../../arm-none-eabi/lib/thumb/v7e-m+fp/hard/libc_nano.a(libc_a-mallocr.o)
                              /opt/st/stm32cubeide_1.15.0/plugins/com.st.stm32cube.ide.mcu.externaltools.gnu-tools-for-stm32.12.3.rel1.linux64_1.0.100.202403111256/tools/bin/../lib/gcc/arm-none-eabi/12.3.1/../../../../arm-none-eabi/lib/thumb/v7e-m+fp/hard/libc_nano.a(libc_a-malloc.o) (_malloc_r)
/opt/st/stm32cubeide_1.15.0/plugins/com.st.stm32cube.ide.mcu.externaltools.gnu-tools-for-stm32.12.3.rel1.linux64_1.0.100.202403111256/tools/bin/../lib/gcc/arm-none-eabi/12.3.1/../../../../arm-none-eabi/lib/thumb/v7e-m+fp/hard/libc_nano.a(libc_a-mlock.o)
                              /opt/st/stm32cubeide_1.15.0/plugins/com.st.stm32cube.ide.mcu.externaltools.gnu-tools-for-stm32.12.3.rel1.linux64_1.0.100.202403111256/tools/bin/../lib/gcc/arm-none-eabi/12.3.1/../../../../arm-none-eabi/lib/thumb/v7e-m+fp/hard/libc_nano.a(libc_a-mallocr.o) (__malloc_lock)
/opt/st/stm32cubeide_1.15.0/plugins/com.st.stm32cube.ide.mcu.externaltools.gnu-tools-for-stm32.12.3.rel1.linux64_1.0.100.202403111256/tools/bin/../lib/gcc/arm-none-eabi/12.3.1/../../../../arm-none-eabi/lib/thumb/v7e-m+fp/hard/libc_nano.a(libc_a-ctype_.o)
                              ./Core/Src/EE240_LabPart06_Utilities.o (_ctype_)
/opt/st/stm32cubeide_1.15.0/plugins/com.st.stm32cube.ide.mcu.externaltools.gnu-tools-for-stm32.12.3.rel1.linux64_1.0.100.202403111256/tools/bin/../lib/gcc/arm-none-eabi/12.3.1/../../../../arm-none-eabi/lib/thumb/v7e-m+fp/hard/libc_nano.a(libc_a-nano-vfprintf_float.o)
                              (_printf_float)
/opt/st/stm32cubeide_1.15.0/plugins/com.st.stm32cube.ide.mcu.externaltools.gnu-tools-for-stm32.12.3.rel1.linux64_1.0.100.202403111256/tools/bin/../lib/gcc/arm-none-eabi/12.3.1/../../../../arm-none-eabi/lib/thumb/v7e-m+fp/hard/libc_nano.a(libc_a-nano-vfprintf_i.o)
                              /opt/st/stm32cubeide_1.15.0/plugins/com.st.stm32cube.ide.mcu.externaltools.gnu-tools-for-stm32.12.3.rel1.linux64_1.0.100.202403111256/tools/bin/../lib/gcc/arm-none-eabi/12.3.1/../../../../arm-none-eabi/lib/thumb/v7e-m+fp/hard/libc_nano.a(libc_a-nano-vfprintf_float.o) (_printf_common)
/opt/st/stm32cubeide_1.15.0/plugins/com.st.stm32cube.ide.mcu.externaltools.gnu-tools-for-stm32.12.3.rel1.linux64_1.0.100.202403111256/tools/bin/../lib/gcc/arm-none-eabi/12.3.1/../../../../arm-none-eabi/lib/thumb/v7e-m+fp/hard/libc_nano.a(libc_a-nano-vfscanf_float.o)
                              (_scanf_float)
/opt/st/stm32cubeide_1.15.0/plugins/com.st.stm32cube.ide.mcu.externaltools.gnu-tools-for-stm32.12.3.rel1.linux64_1.0.100.202403111256/tools/bin/../lib/gcc/arm-none-eabi/12.3.1/../../../../arm-none-eabi/lib/thumb/v7e-m+fp/hard/libc_nano.a(libc_a-fclose.o)
                              ./Core/Src/EE240_LabPart06_Utilities.o (fclose)
/opt/st/stm32cubeide_1.15.0/plugins/com.st.stm32cube.ide.mcu.externaltools.gnu-tools-for-stm32.12.3.rel1.linux64_1.0.100.202403111256/tools/bin/../lib/gcc/arm-none-eabi/12.3.1/../../../../arm-none-eabi/lib/thumb/v7e-m+fp/hard/libc_nano.a(libc_a-feof.o)
                              ./Core/Src/EE240_LabPart06_Utilities.o (feof)
/opt/st/stm32cubeide_1.15.0/plugins/com.st.stm32cube.ide.mcu.externaltools.gnu-tools-for-stm32.12.3.rel1.linux64_1.0.100.202403111256/tools/bin/../lib/gcc/arm-none-eabi/12.3.1/../../../../arm-none-eabi/lib/thumb/v7e-m+fp/hard/libc_nano.a(libc_a-fflush.o)
                              /opt/st/stm32cubeide_1.15.0/plugins/com.st.stm32cube.ide.mcu.externaltools.gnu-tools-for-stm32.12.3.rel1.linux64_1.0.100.202403111256/tools/bin/../lib/gcc/arm-none-eabi/12.3.1/../../../../arm-none-eabi/lib/thumb/v7e-m+fp/hard/libc_nano.a(libc_a-fclose.o) (__sflush_r)
[...]
Memory Configuration

Name             Origin             Length             Attributes
CCMRAM           0x10000000         0x00010000         xrw
RAM              0x20000000         0x00030000         xrw
FLASH            0x08000000         0x00200000         xr
*default*        0x00000000         0xffffffff

Linker script and memory map

LOAD /opt/st/stm32cubeide_1.15.0/plugins/com.st.stm32cube.ide.mcu.externaltools.gnu-tools-for-stm32.12.3.rel1.linux64_1.0.100.202403111256/tools/bin/../lib/gcc/arm-none-eabi/12.3.1/thumb/v7e-m+fp/hard/crti.o
LOAD /opt/st/stm32cubeide_1.15.0/plugins/com.st.stm32cube.ide.mcu.externaltools.gnu-tools-for-stm32.12.3.rel1.linux64_1.0.100.202403111256/tools/bin/../lib/gcc/arm-none-eabi/12.3.1/thumb/v7e-m+fp/hard/crtbegin.o
LOAD /opt/st/stm32cubeide_1.15.0/plugins/com.st.stm32cube.ide.mcu.externaltools.gnu-tools-for-stm32.12.3.rel1.linux64_1.0.100.202403111256/tools/bin/../lib/gcc/arm-none-eabi/12.3.1/../../../../arm-none-eabi/lib/thumb/v7e-m+fp/hard/crt0.o
LOAD ./Core/Src/EE240_LabPart06_StudentSolution.o
LOAD ./Core/Src/EE240_LabPart06_Utilities.o
LOAD ./Core/Src/EE240_Utilities.o
LOAD ./Core/Src/MyMain.o
LOAD ./Core/Src/UART5_StreamIO.o
LOAD ./Core/Src/main.o
LOAD ./Core/Src/stm32f4xx_hal_msp.o
LOAD ./Core/Src/stm32f4xx_it.o
LOAD ./Core/Src/syscalls.o
LOAD ./Core/Src/sysmem.o
LOAD ./Core/Src/system_stm32f4xx.o
LOAD ./Core/Startup/startup_stm32f429zitx.o
LOAD ./Drivers/STM32F4xx_HAL_Driver/Src/stm32f4xx_hal.o
LOAD ./Drivers/STM32F4xx_HAL_Driver/Src/stm32f4xx_hal_cortex.o
LOAD ./Drivers/STM32F4xx_HAL_Driver/Src/stm32f4xx_hal_dma.o
LOAD ./Drivers/STM32F4xx_HAL_Driver/Src/stm32f4xx_hal_dma_ex.o
LOAD ./Drivers/STM32F4xx_HAL_Driver/Src/stm32f4xx_hal_eth.o
LOAD ./Drivers/STM32F4xx_HAL_Driver/Src/stm32f4xx_hal_exti.o
LOAD ./Drivers/STM32F4xx_HAL_Driver/Src/stm32f4xx_hal_flash.o
LOAD ./Drivers/STM32F4xx_HAL_Driver/Src/stm32f4xx_hal_flash_ex.o
LOAD ./Drivers/STM32F4xx_HAL_Driver/Src/stm32f4xx_hal_flash_ramfunc.o
LOAD ./Drivers/STM32F4xx_HAL_Driver/Src/stm32f4xx_hal_gpio.o
LOAD ./Drivers/STM32F4xx_HAL_Driver/Src/stm32f4xx_hal_hcd.o
LOAD ./Drivers/STM32F4xx_HAL_Driver/Src/stm32f4xx_hal_pwr.o
LOAD ./Drivers/STM32F4xx_HAL_Driver/Src/stm32f4xx_hal_pwr_ex.o
LOAD ./Drivers/STM32F4xx_HAL_Driver/Src/stm32f4xx_hal_rcc.o
LOAD ./Drivers/STM32F4xx_HAL_Driver/Src/stm32f4xx_hal_rcc_ex.o
LOAD ./Drivers/STM32F4xx_HAL_Driver/Src/stm32f4xx_hal_rng.o
LOAD ./Drivers/STM32F4xx_HAL_Driver/Src/stm32f4xx_hal_tim.o
LOAD ./Drivers/STM32F4xx_HAL_Driver/Src/stm32f4xx_hal_tim_ex.o
LOAD ./Drivers/STM32F4xx_HAL_Driver/Src/stm32f4xx_hal_uart.o
LOAD ./Drivers/STM32F4xx_HAL_Driver/Src/stm32f4xx_ll_usb.o
LOAD ./Middlewares/ST/STM32_USB_Host_Library/Class/CDC/Src/usbh_cdc.o
LOAD ./Middlewares/ST/STM32_USB_Host_Library/Core/Src/usbh_core.o
LOAD ./Middlewares/ST/STM32_USB_Host_Library/Core/Src/usbh_ctlreq.o
LOAD ./Middlewares/ST/STM32_USB_Host_Library/Core/Src/usbh_ioreq.o
LOAD ./Middlewares/ST/STM32_USB_Host_Library/Core/Src/usbh_pipes.o
LOAD ./USB_HOST/App/usb_host.o
LOAD ./USB_HOST/Target/usbh_conf.o
LOAD ./USB_HOST/Target/usbh_platform.o
START GROUP
LOAD /opt/st/stm32cubeide_1.15.0/plugins/com.st.stm32cube.ide.mcu.externaltools.gnu-tools-for-stm32.12.3.rel1.linux64_1.0.100.202403111256/tools/bin/../lib/gcc/arm-none-eabi/12.3.1/../../../../arm-none-eabi/lib/thumb/v7e-m+fp/hard/libc_nano.a
LOAD /opt/st/stm32cubeide_1.15.0/plugins/com.st.stm32cube.ide.mcu.externaltools.gnu-tools-for-stm32.12.3.rel1.linux64_1.0.100.202403111256/tools/bin/../lib/gcc/arm-none-eabi/12.3.1/../../../../arm-none-eabi/lib/thumb/v7e-m+fp/hard/libm.a
END GROUP
START GROUP
LOAD /opt/st/stm32cubeide_1.15.0/plugins/com.st.stm32cube.ide.mcu.externaltools.gnu-tools-for-stm32.12.3.rel1.linux64_1.0.100.202403111256/tools/bin/../lib/gcc/arm-none-eabi/12.3.1/thumb/v7e-m+fp/hard/libgcc.a
LOAD /opt/st/stm32cubeide_1.15.0/plugins/com.st.stm32cube.ide.mcu.externaltools.gnu-tools-for-stm32.12.3.rel1.linux64_1.0.100.202403111256/tools/bin/../lib/gcc/arm-none-eabi/12.3.1/../../../../arm-none-eabi/lib/thumb/v7e-m+fp/hard/libc_nano.a
END GROUP
START GROUP
LOAD /opt/st/stm32cubeide_1.15.0/plugins/com.st.stm32cube.ide.mcu.externaltools.gnu-tools-for-stm32.12.3.rel1.linux64_1.0.100.202403111256/tools/bin/../lib/gcc/arm-none-eabi/12.3.1/thumb/v7e-m+fp/hard/libgcc.a
LOAD /opt/st/stm32cubeide_1.15.0/plugins/com.st.stm32cube.ide.mcu.externaltools.gnu-tools-for-stm32.12.3.rel1.linux64_1.0.100.202403111256/tools/bin/../lib/gcc/arm-none-eabi/12.3.1/../../../../arm-none-eabi/lib/thumb/v7e-m+fp/hard/libc_nano.a
LOAD /opt/st/stm32cubeide_1.15.0/plugins/com.st.stm32cube.ide.mcu.externaltools.gnu-tools-for-stm32.12.3.rel1.linux64_1.0.100.202403111256/tools/bin/../lib/gcc/arm-none-eabi/12.3.1/../../../../arm-none-eabi/lib/thumb/v7e-m+fp/hard/libnosys.a
END GROUP
START GROUP
LOAD /opt/st/stm32cubeide_1.15.0/plugins/com.st.stm32cube.ide.mcu.externaltools.gnu-tools-for-stm32.12.3.rel1.linux64_1.0.100.202403111256/tools/bin/../lib/gcc/arm-none-eabi/12.3.1/thumb/v7e-m+fp/hard/libgcc.a
LOAD /opt/st/stm32cubeide_1.15.0/plugins/com.st.stm32cube.ide.mcu.externaltools.gnu-tools-for-stm32.12.3.rel1.linux64_1.0.100.202403111256/tools/bin/../lib/gcc/arm-none-eabi/12.3.1/../../../../arm-none-eabi/lib/thumb/v7e-m+fp/hard/libc_nano.a
LOAD /opt/st/stm32cubeide_1.15.0/plugins/com.st.stm32cube.ide.mcu.externaltools.gnu-tools-for-stm32.12.3.rel1.linux64_1.0.100.202403111256/tools/bin/../lib/gcc/arm-none-eabi/12.3.1/../../../../arm-none-eabi/lib/thumb/v7e-m+fp/hard/libnosys.a
END GROUP
LOAD /opt/st/stm32cubeide_1.15.0/plugins/com.st.stm32cube.ide.mcu.externaltools.gnu-tools-for-stm32.12.3.rel1.linux64_1.0.100.202403111256/tools/bin/../lib/gcc/arm-none-eabi/12.3.1/thumb/v7e-m+fp/hard/crtend.o
LOAD /opt/st/stm32cubeide_1.15.0/plugins/com.st.stm32cube.ide.mcu.externaltools.gnu-tools-for-stm32.12.3.rel1.linux64_1.0.100.202403111256/tools/bin/../lib/gcc/arm-none-eabi/12.3.1/thumb/v7e-m+fp/hard/crtn.o
                0x20030000                        _estack = (ORIGIN (RAM) + LENGTH (RAM))
                0x00000200                        _Min_Heap_Size = 0x200
                0x00000400                        _Min_Stack_Size = 0x400

.isr_vector     0x08000000      0x1ac
                0x08000000                        . = ALIGN (0x4)
 *(.isr_vector)
 .isr_vector    0x08000000      0x1ac ./Core/Startup/startup_stm32f429zitx.o
                0x08000000                g_pfnVectors
                0x080001ac                        . = ALIGN (0x4)

.text           0x080001b0    0x11a80
                0x080001b0                        . = ALIGN (0x4)
 *(.text)
 .text          0x080001b0       0x40 /opt/st/stm32cubeide_1.15.0/plugins/com.st.stm32cube.ide.mcu.externaltools.gnu-tools-for-stm32.12.3.rel1.linux64_1.0.100.202403111256/tools/bin/../lib/gcc/arm-none-eabi/12.3.1/thumb/v7e-m+fp/hard/crtbegin.o
 .text          0x080001f0       0x14 /opt/st/stm32cubeide_1.15.0/plugins/com.st.stm32cube.ide.mcu.externaltools.gnu-tools-for-stm32.12.3.rel1.linux64_1.0.100.202403111256/tools/bin/../lib/gcc/arm-none-eabi/12.3.1/../../../../arm-none-eabi/lib/thumb/v7e-m+fp/hard/libc_nano.a(libc_a-strcmp.o)
                0x080001f0                strcmp
 *fill*         0x08000204        0xc 
 .text          0x08000210       0xa0 /opt/st/stm32cubeide_1.15.0/plugins/com.st.stm32cube.ide.mcu.externaltools.gnu-tools-for-stm32.12.3.rel1.linux64_1.0.100.202403111256/tools/bin/../lib/gcc/arm-none-eabi/12.3.1/../../../../arm-none-eabi/lib/thumb/v7e-m+fp/hard/libc_nano.a(libc_a-memchr.o)
                0x08000210                memchr
 .text          0x080002b0       0x10 /opt/st/stm32cubeide_1.15.0/plugins/com.st.stm32cube.ide.mcu.externaltools.gnu-tools-for-stm32.12.3.rel1.linux64_1.0.100.202403111256/tools/bin/../lib/gcc/arm-none-eabi/12.3.1/../../../../arm-none-eabi/lib/thumb/v7e-m+fp/hard/libc_nano.a(libc_a-strlen.o)
                0x080002b0                strlen
 .text          0x080002c0      0x378 /opt/st/stm32cubeide_1.15.0/plugins/com.st.stm32cube.ide.mcu.externaltools.gnu-tools-for-stm32.12.3.rel1.linux64_1.0.100.202403111256/tools/bin/../lib/gcc/arm-none-eabi/12.3.1/thumb/v7e-m+fp/hard/libgcc.a(_arm_addsubdf3.o)
                0x080002c0                __aeabi_drsub
                0x080002c8                __aeabi_dsub
                0x080002c8                __subdf3
                0x080002cc                __adddf3
                0x080002cc                __aeabi_dadd
                0x08000544                __aeabi_ui2d
                0x08000544                __floatunsidf
                0x08000564                __floatsidf
                0x08000564                __aeabi_i2d
                0x08000588                __extendsfdf2
                0x08000588                __aeabi_f2d
                0x080005cc                __aeabi_ul2d
                0x080005cc                __floatundidf
                0x080005dc                __floatdidf
                0x080005dc                __aeabi_l2d
 .text          0x08000638      0x424 /opt/st/stm32cubeide_1.15.0/plugins/com.st.stm32cube.ide.mcu.externaltools.gnu-tools-for-stm32.12.3.rel1.linux64_1.0.100.202403111256/tools/bin/../lib/gcc/arm-none-eabi/12.3.1/thumb/v7e-m+fp/hard/libgcc.a(_arm_muldivdf3.o)
                0x08000638                __aeabi_dmul
                0x08000638                __muldf3
                0x0800088c                __aeabi_ddiv
                0x0800088c                __divdf3
 .text          0x08000a5c      0x110 /opt/st/stm32cubeide_1.15.0/plugins/com.st.stm32cube.ide.mcu.externaltools.gnu-tools-for-stm32.12.3.rel1.linux64_1.0.100.202403111256/tools/bin/../lib/gcc/arm-none-eabi/12.3.1/thumb/v7e-m+fp/hard/libgcc.a(_arm_cmpdf2.o)
                0x08000a5c                __gtdf2
                0x08000a5c                __gedf2
                0x08000a64                __ltdf2
                0x08000a64                __ledf2
                0x08000a6c                __cmpdf2
                0x08000a6c                __eqdf2
                0x08000a6c                __nedf2
                0x08000ae8                __aeabi_cdrcmple
                0x08000af8                __aeabi_cdcmple
                0x08000af8                __aeabi_cdcmpeq
                0x08000b08                __aeabi_dcmpeq
                0x08000b1c                __aeabi_dcmplt
                0x08000b30                __aeabi_dcmple
                0x08000b44                __aeabi_dcmpge
                0x08000b58                __aeabi_dcmpgt
 .text          0x08000b6c       0x2c /opt/st/stm32cubeide_1.15.0/plugins/com.st.stm32cube.ide.mcu.externaltools.gnu-tools-for-stm32.12.3.rel1.linux64_1.0.100.202403111256/tools/bin/../lib/gcc/arm-none-eabi/12.3.1/thumb/v7e-m+fp/hard/libgcc.a(_arm_unorddf2.o)
                0x08000b6c                __aeabi_dcmpun
                0x08000b6c                __unorddf2
 .text          0x08000b98       0x50 /opt/st/stm32cubeide_1.15.0/plugins/com.st.stm32cube.ide.mcu.externaltools.gnu-tools-for-stm32.12.3.rel1.linux64_1.0.100.202403111256/tools/bin/../lib/gcc/arm-none-eabi/12.3.1/thumb/v7e-m+fp/hard/libgcc.a(_arm_fixdfsi.o)
                0x08000b98                __fixdfsi
                0x08000b98                __aeabi_d2iz
 .text          0x08000be8       0x40 /opt/st/stm32cubeide_1.15.0/plugins/com.st.stm32cube.ide.mcu.externaltools.gnu-tools-for-stm32.12.3.rel1.linux64_1.0.100.202403111256/tools/bin/../lib/gcc/arm-none-eabi/12.3.1/thumb/v7e-m+fp/hard/libgcc.a(_arm_fixunsdfsi.o)
                0x08000be8                __fixunsdfsi
                0x08000be8                __aeabi_d2uiz
 .text          0x08000c28       0xa0 /opt/st/stm32cubeide_1.15.0/plugins/com.st.stm32cube.ide.mcu.externaltools.gnu-tools-for-stm32.12.3.rel1.linux64_1.0.100.202403111256/tools/bin/../lib/gcc/arm-none-eabi/12.3.1/thumb/v7e-m+fp/hard/libgcc.a(_arm_truncdfsf2.o)
                0x08000c28                __aeabi_d2f
                0x08000c28                __truncdfsf2
 .text          0x08000cc8       0x30 /opt/st/stm32cubeide_1.15.0/plugins/com.st.stm32cube.ide.mcu.externaltools.gnu-tools-for-stm32.12.3.rel1.linux64_1.0.100.202403111256/tools/bin/../lib/gcc/arm-none-eabi/12.3.1/thumb/v7e-m+fp/hard/libgcc.a(_aeabi_uldivmod.o)
                0x08000cc8                __aeabi_uldivmod
 .text          0x08000cf8       0x30 /opt/st/stm32cubeide_1.15.0/plugins/com.st.stm32cube.ide.mcu.externaltools.gnu-tools-for-stm32.12.3.rel1.linux64_1.0.100.202403111256/tools/bin/../lib/gcc/arm-none-eabi/12.3.1/thumb/v7e-m+fp/hard/libgcc.a(_fixdfdi.o)
                0x08000cf8                __aeabi_d2lz
                0x08000cf8                __fixdfdi
 .text          0x08000d28       0x3c /opt/st/stm32cubeide_1.15.0/plugins/com.st.stm32cube.ide.mcu.externaltools.gnu-tools-for-stm32.12.3.rel1.linux64_1.0.100.202403111256/tools/bin/../lib/gcc/arm-none-eabi/12.3.1/thumb/v7e-m+fp/hard/libgcc.a(_fixunsdfdi.o)
                0x08000d28                __aeabi_d2ulz
                0x08000d28                __fixunsdfdi
 .text          0x08000d64      0x2bc /opt/st/stm32cubeide_1.15.0/plugins/com.st.stm32cube.ide.mcu.externaltools.gnu-tools-for-stm32.12.3.rel1.linux64_1.0.100.202403111256/tools/bin/../lib/gcc/arm-none-eabi/12.3.1/thumb/v7e-m+fp/hard/libgcc.a(_udivmoddi4.o)
                0x08000d64                __udivmoddi4
 .text          0x08001020        0x4 /opt/st/stm32cubeide_1.15.0/plugins/com.st.stm32cube.ide.mcu.externaltools.gnu-tools-for-stm32.12.3.rel1.linux64_1.0.100.202403111256/tools/bin/../lib/gcc/arm-none-eabi/12.3.1/thumb/v7e-m+fp/hard/libgcc.a(_dvmd_tls.o)
                0x08001020                __aeabi_ldiv0
                0x08001020                __aeabi_idiv0
 *(.text*)
 .text.ProcessQueryCommand
                0x08001024      0x170 ./Core/Src/EE240_LabPart06_StudentSolution.o
                0x08001024                ProcessQueryCommand
 .text.SelectFromCarDatabase
                0x08001194       0x1a ./Core/Src/EE240_LabPart06_StudentSolution.o
                0x08001194                SelectFromCarDatabase
 .text.SortCarList
                0x080011ae       0x18 ./Core/Src/EE240_LabPart06_StudentSolution.o
                0x080011ae                SortCarList
 .text.FreeCarListNodes
                0x080011c6       0x1a ./Core/Src/EE240_LabPart06_StudentSolution.o
                0x080011c6                FreeCarListNodes
 .text.InitCarRecordsAndModels
                0x080011e0       0x28 ./Core/Src/EE240_LabPart06_Utilities.o
                0x080011e0                InitCarRecordsAndModels
 .text.Get_pCarRecords
                0x08001208       0x14 ./Core/Src/EE240_LabPart06_Utilities.o
                0x08001208                Get_pCarRecords
 .text.PrintStringsFromAList
                0x0800121c       0x44 ./Core/Src/EE240_LabPart06_Utilities.o
                0x0800121c                PrintStringsFromAList
 .text.PrintHelpMessage
                0x08001260       0xf0 ./Core/Src/EE240_LabPart06_Utilities.o
                0x08001260                PrintHelpMessage
 .text.CharacterToPrintableString
                0x08001350       0xd0 ./Core/Src/EE240_LabPart06_Utilities.o
                0x08001350                CharacterToPrintableString
 .text.SuppressCharactersOffEndOfString
                0x08001420       0xcc ./Core/Src/EE240_LabPart06_Utilities.o
                0x08001420                SuppressCharactersOffEndOfString
 .text.GobbleCharactersFromBeginningOfStream
                0x080014ec      0x134 ./Core/Src/EE240_LabPart06_Utilities.o
                0x080014ec                GobbleCharactersFromBeginningOfStream
 .text.ParseStringPopulateCarRecord
                0x08001620      0x45c ./Core/Src/EE240_LabPart06_Utilities.o
                0x08001620                ParseStringPopulateCarRecord
 .text.FindStringOnList
                0x08001a7c       0x66 ./Core/Src/EE240_LabPart06_Utilities.o
                0x08001a7c                FindStringOnList
 *fill*         0x08001ae2        0x2 
 .text.EliminateDuplicatesInCarList
                0x08001ae4       0xb0 ./Core/Src/EE240_LabPart06_Utilities.o
                0x08001ae4                EliminateDuplicatesInCarList
 .text.InitializeQueryControl
                0x08001b94      0x20c ./Core/Src/EE240_LabPart06_Utilities.o
                0x08001b94                InitializeQueryControl
 .text.SetQueryCommand
                0x08001da0       0xe4 ./Core/Src/EE240_LabPart06_Utilities.o
                0x08001da0                SetQueryCommand
 .text.GetQueryCommandName
                0x08001e84       0x8c ./Core/Src/EE240_LabPart06_Utilities.o
                0x08001e84                GetQueryCommandName
 .text.SetCategoryLabel
                0x08001f10       0x98 ./Core/Src/EE240_LabPart06_Utilities.o
                0x08001f10                SetCategoryLabel
 .text.GetCategoryLabel
                0x08001fa8       0x74 ./Core/Src/EE240_LabPart06_Utilities.o
                0x08001fa8                GetCategoryLabel
 .text.SetRelationalOperator
                0x0800201c       0xa0 ./Core/Src/EE240_LabPart06_Utilities.o
                0x0800201c                SetRelationalOperator
 .text.GetRelationOperator
                0x080020bc       0x74 ./Core/Src/EE240_LabPart06_Utilities.o
                0x080020bc                GetRelationOperator
 .text.ParseQueryCommandLine
                0x08002130      0x640 ./Core/Src/EE240_LabPart06_Utilities.o
                0x08002130                ParseQueryCommandLine
 .text.sNewOrUsed
                0x08002770       0x2c ./Core/Src/EE240_LabPart06_Utilities.o
                0x08002770                sNewOrUsed
 .text.ReceiveAListOfCarRecords
                0x0800279c      0x1a4 ./Core/Src/EE240_LabPart06_Utilities.o
                0x0800279c                ReceiveAListOfCarRecords
 .text.Transmit_CarRecords
                0x08002940      0x114 ./Core/Src/EE240_LabPart06_Utilities.o
                0x08002940                Transmit_CarRecords
 .text.CountCarsOnList
                0x08002a54       0x36 ./Core/Src/EE240_LabPart06_Utilities.o
                0x08002a54                CountCarsOnList
 *fill*         0x08002a8a        0x2 
 .text.PrettyPrintACar
                0x08002a8c       0x70 ./Core/Src/EE240_LabPart06_Utilities.o
                0x08002a8c                PrettyPrintACar
 .text.PrettyPrintListOfCars
                0x08002afc       0x36 ./Core/Src/EE240_LabPart06_Utilities.o
                0x08002afc                PrettyPrintListOfCars
 *fill*         0x08002b32        0x2 
 .text.PrettyPrintAQueryCommand
                0x08002b34      0x148 ./Core/Src/EE240_LabPart06_Utilities.o
                0x08002b34                PrettyPrintAQueryCommand
 .text.__io_putchar
                0x08002c7c       0x38 ./Core/Src/EE240_Utilities.o
                0x08002c7c                __io_putchar
 .text.__io_getchar
                0x08002cb4       0x68 ./Core/Src/EE240_Utilities.o
                0x08002cb4                __io_getchar
 .text.GobbleWhiteSpace
                0x08002d1c       0xb4 ./Core/Src/EE240_Utilities.o
                0x08002d1c                GobbleWhiteSpace
 .text.ReadTimer2
                0x08002dd0       0x18 ./Core/Src/EE240_Utilities.o
                0x08002dd0                ReadTimer2
 .text.WriteNUCLEO_LED
                0x08002de8       0x70 ./Core/Src/EE240_Utilities.o
                0x08002de8                WriteNUCLEO_LED
 .text.ClearNUCLEO_LEDs
                0x08002e58       0x2a ./Core/Src/EE240_Utilities.o
                0x08002e58                ClearNUCLEO_LEDs
 .text.FlashNUCLEO_LED
                0x08002e82       0x32 ./Core/Src/EE240_Utilities.o
                0x08002e82                FlashNUCLEO_LED
 .text.WriteOutBit
                0x08002eb4       0x80 ./Core/Src/EE240_Utilities.o
                0x08002eb4                WriteOutBit
 .text.ClearOutBits
                0x08002f34       0x36 ./Core/Src/EE240_Utilities.o
                0x08002f34                ClearOutBits
 *fill*         0x08002f6a        0x2 
 .text.ReadInBit
                0x08002f6c       0x70 ./Core/Src/EE240_Utilities.o
                0x08002f6c                ReadInBit
 .text.MyMain   0x08002fdc      0x328 ./Core/Src/MyMain.o
                0x08002fdc                MyMain
 .text.HAL_UART_RxCpltCallback
                0x08003304       0x98 ./Core/Src/UART5_StreamIO.o
                0x08003304                HAL_UART_RxCpltCallback
 .text.Start_UART5_Reception
                0x0800339c       0x48 ./Core/Src/UART5_StreamIO.o
                0x0800339c                Start_UART5_Reception
 .text.Stop_UART5_Reception
                0x080033e4       0x30 ./Core/Src/UART5_StreamIO.o
                0x080033e4                Stop_UART5_Reception
 .text.BlockingTransmit_cBufferOut
                0x08003414       0x68 ./Core/Src/UART5_StreamIO.o
                0x08003414                BlockingTransmit_cBufferOut
 .text.UART5_OpenInStream
                0x0800347c       0x68 ./Core/Src/UART5_StreamIO.o
                0x0800347c                UART5_OpenInStream
 .text.UART5_OpenOutStream
                0x080034e4       0x38 ./Core/Src/UART5_StreamIO.o
                0x080034e4                UART5_OpenOutStream
 .text.UART5_CloseOutStream
                0x0800351c       0x50 ./Core/Src/UART5_StreamIO.o
                0x0800351c                UART5_CloseOutStream
 .text.Initialize_cBufferIn
                0x0800356c       0x30 ./Core/Src/UART5_StreamIO.o
                0x0800356c                Initialize_cBufferIn
 .text.Initialize_cBufferOut
                0x0800359c       0x30 ./Core/Src/UART5_StreamIO.o
                0x0800359c                Initialize_cBufferOut
 .text.main     0x080035cc       0x84 ./Core/Src/main.o
                0x080035cc                main
 .text.SystemClock_Config
                0x08003650       0xd4 ./Core/Src/main.o
                0x08003650                SystemClock_Config
 .text.MX_ETH_Init
                0x08003724       0x9c ./Core/Src/main.o
 .text.MX_RNG_Init
                0x080037c0       0x28 ./Core/Src/main.o
 .text.MX_TIM2_Init
                0x080037e8       0x9c ./Core/Src/main.o
 .text.MX_UART5_Init
                0x08003884       0x54 ./Core/Src/main.o
 .text.MX_USART3_UART_Init
                0x080038d8       0x54 ./Core/Src/main.o
 .text.MX_GPIO_Init
                0x0800392c      0x1bc ./Core/Src/main.o
 .text.Error_Handler
                0x08003ae8        0xc ./Core/Src/main.o
                0x08003ae8                Error_Handler
 .text.HAL_MspInit
                0x08003af4       0x50 ./Core/Src/stm32f4xx_hal_msp.o
                0x08003af4                HAL_MspInit
 .text.HAL_ETH_MspInit
                0x08003b44      0x18c ./Core/Src/stm32f4xx_hal_msp.o
                0x08003b44                HAL_ETH_MspInit
 .text.HAL_RNG_MspInit
                0x08003cd0       0x44 ./Core/Src/stm32f4xx_hal_msp.o
                0x08003cd0                HAL_RNG_MspInit
 .text.HAL_TIM_Base_MspInit
                0x08003d14       0x40 ./Core/Src/stm32f4xx_hal_msp.o
                0x08003d14                HAL_TIM_Base_MspInit
 .text.HAL_UART_MspInit
                0x08003d54      0x14c ./Core/Src/stm32f4xx_hal_msp.o
                0x08003d54                HAL_UART_MspInit
 .text.NMI_Handler
                0x08003ea0        0x8 ./Core/Src/stm32f4xx_it.o
                0x08003ea0                NMI_Handler
 .text.HardFault_Handler
                0x08003ea8        0x8 ./Core/Src/stm32f4xx_it.o
                0x08003ea8                HardFault_Handler
 .text.MemManage_Handler
                0x08003eb0        0x8 ./Core/Src/stm32f4xx_it.o
                0x08003eb0                MemManage_Handler
 .text.BusFault_Handler
                0x08003eb8        0x8 ./Core/Src/stm32f4xx_it.o
                0x08003eb8                BusFault_Handler
 .text.UsageFault_Handler
                0x08003ec0        0x8 ./Core/Src/stm32f4xx_it.o
                0x08003ec0                UsageFault_Handler
 .text.SVC_Handler
                0x08003ec8        0xe ./Core/Src/stm32f4xx_it.o
                0x08003ec8                SVC_Handler
 .text.DebugMon_Handler
                0x08003ed6        0xe ./Core/Src/stm32f4xx_it.o
                0x08003ed6                DebugMon_Handler
 .text.PendSV_Handler
                0x08003ee4        0xe ./Core/Src/stm32f4xx_it.o
                0x08003ee4                PendSV_Handler
 .text.SysTick_Handler
                0x08003ef2        0xc ./Core/Src/stm32f4xx_it.o
                0x08003ef2                SysTick_Handler
 *fill*         0x08003efe        0x2 
 .text.UART5_IRQHandler
                0x08003f00       0x14 ./Core/Src/stm32f4xx_it.o
                0x08003f00                UART5_IRQHandler
 .text.OTG_FS_IRQHandler
                0x08003f14       0x14 ./Core/Src/stm32f4xx_it.o
                0x08003f14                OTG_FS_IRQHandler
 .text._getpid  0x08003f28       0x10 ./Core/Src/syscalls.o
                0x08003f28                _getpid
 .text._kill    0x08003f38       0x20 ./Core/Src/syscalls.o
                0x08003f38                _kill
 .text._exit    0x08003f58       0x16 ./Core/Src/syscalls.o
                0x08003f58                _exit
 .text._read    0x08003f6e       0x3a ./Core/Src/syscalls.o
                0x08003f6e                _read
 .text._write   0x08003fa8       0x38 ./Core/Src/syscalls.o
                0x08003fa8                _write
 .text._close   0x08003fe0       0x18 ./Core/Src/syscalls.o
                0x08003fe0                _close
 .text._fstat   0x08003ff8       0x20 ./Core/Src/syscalls.o
                0x08003ff8                _fstat
 .text._isatty  0x08004018       0x16 ./Core/Src/syscalls.o
                0x08004018                _isatty
 .text._lseek   0x0800402e       0x1a ./Core/Src/syscalls.o
                0x0800402e                _lseek
 .text._sbrk    0x08004048       0x6c ./Core/Src/sysmem.o
                0x08004048                _sbrk
 .text.SystemInit
                0x080040b4       0x24 ./Core/Src/system_stm32f4xx.o
                0x080040b4                SystemInit
 .text.Reset_Handler
                0x080040d8       0x50 ./Core/Startup/startup_stm32f429zitx.o
                0x080040d8                Reset_Handler
 .text.Default_Handler
                0x08004128        0x2 ./Core/Startup/startup_stm32f429zitx.o
                0x08004128                RTC_Alarm_IRQHandler
                0x08004128                HASH_RNG_IRQHandler
                0x08004128                EXTI2_IRQHandler
                0x08004128                TIM8_CC_IRQHandler
                0x08004128                UART8_IRQHandler
                0x08004128                SPI4_IRQHandler
                0x08004128                TIM1_CC_IRQHandler
                0x08004128                DMA2_Stream5_IRQHandler
                0x08004128                DMA1_Stream5_IRQHandler
                0x08004128                PVD_IRQHandler
                0x08004128                SDIO_IRQHandler
                0x08004128                TAMP_STAMP_IRQHandler
                0x08004128                CAN2_RX1_IRQHandler
                0x08004128                EXTI3_IRQHandler
                0x08004128                TIM8_TRG_COM_TIM14_IRQHandler
                0x08004128                TIM1_UP_TIM10_IRQHandler
                0x08004128                TIM8_UP_TIM13_IRQHandler
                0x08004128                I2C3_ER_IRQHandler
                0x08004128                EXTI0_IRQHandler
                0x08004128                I2C2_EV_IRQHandler
                0x08004128                DMA1_Stream2_IRQHandler
                0x08004128                CAN1_RX0_IRQHandler
                0x08004128                FPU_IRQHandler
                0x08004128                OTG_HS_WKUP_IRQHandler
                0x08004128                LTDC_ER_IRQHandler
                0x08004128                CAN2_SCE_IRQHandler
                0x08004128                DMA2_Stream2_IRQHandler
                0x08004128                SPI1_IRQHandler
                0x08004128                TIM6_DAC_IRQHandler
                0x08004128                TIM1_BRK_TIM9_IRQHandler
                0x08004128                DCMI_IRQHandler
                0x08004128                CAN2_RX0_IRQHandler
                0x08004128                DMA2_Stream3_IRQHandler
                0x08004128                USART6_IRQHandler
                0x08004128                USART3_IRQHandler
                0x08004128                CAN1_RX1_IRQHandler
                0x08004128                DMA2_Stream0_IRQHandler
                0x08004128                TIM4_IRQHandler
                0x08004128                I2C1_EV_IRQHandler
                0x08004128                DMA1_Stream6_IRQHandler
                0x08004128                DMA1_Stream1_IRQHandler
                0x08004128                UART4_IRQHandler
                0x08004128                TIM3_IRQHandler
                0x08004128                RCC_IRQHandler
                0x08004128                TIM8_BRK_TIM12_IRQHandler
                0x08004128                Default_Handler
                0x08004128                EXTI15_10_IRQHandler
                0x08004128                ADC_IRQHandler
                0x08004128                DMA1_Stream7_IRQHandler
                0x08004128                SPI5_IRQHandler
                0x08004128                TIM7_IRQHandler
                0x08004128                CAN2_TX_IRQHandler
                0x08004128                TIM5_IRQHandler
                0x08004128                DMA2_Stream7_IRQHandler
                0x08004128                I2C3_EV_IRQHandler
                0x08004128                EXTI9_5_IRQHandler
                0x08004128                RTC_WKUP_IRQHandler
                0x08004128                LTDC_IRQHandler
                0x08004128                ETH_WKUP_IRQHandler
                0x08004128                SPI2_IRQHandler
                0x08004128                OTG_HS_EP1_IN_IRQHandler
                0x08004128                DMA1_Stream0_IRQHandler
                0x08004128                CAN1_TX_IRQHandler
                0x08004128                EXTI4_IRQHandler
                0x08004128                ETH_IRQHandler
                0x08004128                OTG_HS_EP1_OUT_IRQHandler
                0x08004128                WWDG_IRQHandler
                0x08004128                SPI6_IRQHandler
                0x08004128                TIM2_IRQHandler
                0x08004128                OTG_FS_WKUP_IRQHandler
                0x08004128                TIM1_TRG_COM_TIM11_IRQHandler
                0x08004128                OTG_HS_IRQHandler
                0x08004128                DMA2D_IRQHandler
                0x08004128                EXTI1_IRQHandler
                0x08004128                UART7_IRQHandler
                0x08004128                USART2_IRQHandler
                0x08004128                I2C2_ER_IRQHandler
                0x08004128                DMA2_Stream1_IRQHandler
                0x08004128                CAN1_SCE_IRQHandler
                0x08004128                FLASH_IRQHandler
                0x08004128                DMA2_Stream4_IRQHandler
                0x08004128                USART1_IRQHandler
                0x08004128                SPI3_IRQHandler
                0x08004128                DMA1_Stream4_IRQHandler
                0x08004128                I2C1_ER_IRQHandler
                0x08004128                FMC_IRQHandler
                0x08004128                DMA2_Stream6_IRQHandler
                0x08004128                SAI1_IRQHandler
                0x08004128                DMA1_Stream3_IRQHandler
 *fill*         0x0800412a        0x2 
 .text.HAL_Init
                0x0800412c       0x44 ./Drivers/STM32F4xx_HAL_Driver/Src/stm32f4xx_hal.o
                0x0800412c                HAL_Init
 .text.HAL_InitTick
                0x08004170       0x60 ./Drivers/STM32F4xx_HAL_Driver/Src/stm32f4xx_hal.o
                0x08004170                HAL_InitTick
 .text.HAL_IncTick
                0x080041d0       0x28 ./Drivers/STM32F4xx_HAL_Driver/Src/stm32f4xx_hal.o
                0x080041d0                HAL_IncTick
 .text.HAL_GetTick
                0x080041f8       0x18 ./Drivers/STM32F4xx_HAL_Driver/Src/stm32f4xx_hal.o
                0x080041f8                HAL_GetTick
 .text.HAL_Delay
                0x08004210       0x48 ./Drivers/STM32F4xx_HAL_Driver/Src/stm32f4xx_hal.o
                0x08004210                HAL_Delay
 .text.__NVIC_SetPriorityGrouping
                0x08004258       0x48 ./Drivers/STM32F4xx_HAL_Driver/Src/stm32f4xx_hal_cortex.o
 .text.__NVIC_GetPriorityGrouping
                0x080042a0       0x1c ./Drivers/STM32F4xx_HAL_Driver/Src/stm32f4xx_hal_cortex.o
 .text.__NVIC_EnableIRQ
                0x080042bc       0x3c ./Drivers/STM32F4xx_HAL_Driver/Src/stm32f4xx_hal_cortex.o
 .text.__NVIC_SetPriority
                0x080042f8       0x54 ./Drivers/STM32F4xx_HAL_Driver/Src/stm32f4xx_hal_cortex.o
 .text.NVIC_EncodePriority
                0x0800434c       0x66 ./Drivers/STM32F4xx_HAL_Driver/Src/stm32f4xx_hal_cortex.o
 *fill*         0x080043b2        0x2 
 .text.SysTick_Config
                0x080043b4       0x44 ./Drivers/STM32F4xx_HAL_Driver/Src/stm32f4xx_hal_cortex.o
 .text.HAL_NVIC_SetPriorityGrouping
                0x080043f8       0x16 ./Drivers/STM32F4xx_HAL_Driver/Src/stm32f4xx_hal_cortex.o
                0x080043f8                HAL_NVIC_SetPriorityGrouping
 .text.HAL_NVIC_SetPriority
                0x0800440e       0x38 ./Drivers/STM32F4xx_HAL_Driver/Src/stm32f4xx_hal_cortex.o
                0x0800440e                HAL_NVIC_SetPriority
 .text.HAL_NVIC_EnableIRQ
                0x08004446       0x1c ./Drivers/STM32F4xx_HAL_Driver/Src/stm32f4xx_hal_cortex.o
                0x08004446                HAL_NVIC_EnableIRQ
 .text.HAL_SYSTICK_Config
                0x08004462       0x18 ./Drivers/STM32F4xx_HAL_Driver/Src/stm32f4xx_hal_cortex.o
                0x08004462                HAL_SYSTICK_Config
 .text.HAL_DMA_Abort
                0x0800447a       0xe0 ./Drivers/STM32F4xx_HAL_Driver/Src/stm32f4xx_hal_dma.o
                0x0800447a                HAL_DMA_Abort
 .text.HAL_DMA_Abort_IT
                0x0800455a       0x44 ./Drivers/STM32F4xx_HAL_Driver/Src/stm32f4xx_hal_dma.o
                0x0800455a                HAL_DMA_Abort_IT
 .text.HAL_DMA_GetError
                0x0800459e       0x18 ./Drivers/STM32F4xx_HAL_Driver/Src/stm32f4xx_hal_dma.o
                0x0800459e                HAL_DMA_GetError
 *fill*         0x080045b6        0x2 
 .text.HAL_ETH_Init
                0x080045b8       0xfc ./Drivers/STM32F4xx_HAL_Driver/Src/stm32f4xx_hal_eth.o
                0x080045b8                HAL_ETH_Init
 .text.ETH_SetMACConfig
                0x080046b4      0x160 ./Drivers/STM32F4xx_HAL_Driver/Src/stm32f4xx_hal_eth.o
 .text.ETH_SetDMAConfig
                0x08004814      0x114 ./Drivers/STM32F4xx_HAL_Driver/Src/stm32f4xx_hal_eth.o
 .text.ETH_MACDMAConfig
                0x08004928       0xe4 ./Drivers/STM32F4xx_HAL_Driver/Src/stm32f4xx_hal_eth.o
 .text.ETH_MACAddressConfig
                0x08004a0c       0x70 ./Drivers/STM32F4xx_HAL_Driver/Src/stm32f4xx_hal_eth.o
 .text.ETH_DMATxDescListInit
                0x08004a7c       0xb2 ./Drivers/STM32F4xx_HAL_Driver/Src/stm32f4xx_hal_eth.o
 .text.ETH_DMARxDescListInit
                0x08004b2e       0xda ./Drivers/STM32F4xx_HAL_Driver/Src/stm32f4xx_hal_eth.o
 .text.HAL_GPIO_Init
                0x08004c08      0x358 ./Drivers/STM32F4xx_HAL_Driver/Src/stm32f4xx_hal_gpio.o
                0x08004c08                HAL_GPIO_Init
 .text.HAL_GPIO_ReadPin
                0x08004f60       0x30 ./Drivers/STM32F4xx_HAL_Driver/Src/stm32f4xx_hal_gpio.o
                0x08004f60                HAL_GPIO_ReadPin
 .text.HAL_GPIO_WritePin
                0x08004f90       0x32 ./Drivers/STM32F4xx_HAL_Driver/Src/stm32f4xx_hal_gpio.o
                0x08004f90                HAL_GPIO_WritePin
 .text.HAL_HCD_Init
                0x08004fc2       0xc4 ./Drivers/STM32F4xx_HAL_Driver/Src/stm32f4xx_hal_hcd.o
                0x08004fc2                HAL_HCD_Init
 .text.HAL_HCD_HC_Init
                0x08005086      0x11e ./Drivers/STM32F4xx_HAL_Driver/Src/stm32f4xx_hal_hcd.o
                0x08005086                HAL_HCD_HC_Init
 .text.HAL_HCD_HC_Halt
                0x080051a4       0x46 ./Drivers/STM32F4xx_HAL_Driver/Src/stm32f4xx_hal_hcd.o
                0x080051a4                HAL_HCD_HC_Halt
 *fill*         0x080051ea        0x2 
 .text.HAL_HCD_HC_SubmitRequest
                0x080051ec      0x2ac ./Drivers/STM32F4xx_HAL_Driver/Src/stm32f4xx_hal_hcd.o
                0x080051ec                HAL_HCD_HC_SubmitRequest
 .text.HAL_HCD_IRQHandler
                0x08005498      0x216 ./Drivers/STM32F4xx_HAL_Driver/Src/stm32f4xx_hal_hcd.o
                0x08005498                HAL_HCD_IRQHandler
 .text.HAL_HCD_Start
                0x080056ae       0x46 ./Drivers/STM32F4xx_HAL_Driver/Src/stm32f4xx_hal_hcd.o
                0x080056ae                HAL_HCD_Start
 .text.HAL_HCD_Stop
                0x080056f4       0x3a ./Drivers/STM32F4xx_HAL_Driver/Src/stm32f4xx_hal_hcd.o
                0x080056f4                HAL_HCD_Stop
 .text.HAL_HCD_ResetPort
                0x0800572e       0x1c ./Drivers/STM32F4xx_HAL_Driver/Src/stm32f4xx_hal_hcd.o
                0x0800572e                HAL_HCD_ResetPort
 .text.HAL_HCD_HC_GetURBState
                0x0800574a       0x28 ./Drivers/STM32F4xx_HAL_Driver/Src/stm32f4xx_hal_hcd.o
                0x0800574a                HAL_HCD_HC_GetURBState
 .text.HAL_HCD_HC_GetXferCount
                0x08005772       0x28 ./Drivers/STM32F4xx_HAL_Driver/Src/stm32f4xx_hal_hcd.o
                0x08005772                HAL_HCD_HC_GetXferCount
 .text.HAL_HCD_GetCurrentFrame
                0x0800579a       0x1c ./Drivers/STM32F4xx_HAL_Driver/Src/stm32f4xx_hal_hcd.o
                0x0800579a                HAL_HCD_GetCurrentFrame
 .text.HAL_HCD_GetCurrentSpeed
                0x080057b6       0x1c ./Drivers/STM32F4xx_HAL_Driver/Src/stm32f4xx_hal_hcd.o
                0x080057b6                HAL_HCD_GetCurrentSpeed
 .text.HCD_HC_IN_IRQHandler
                0x080057d2      0x6aa ./Drivers/STM32F4xx_HAL_Driver/Src/stm32f4xx_hal_hcd.o
 .text.HCD_HC_OUT_IRQHandler
                0x08005e7c      0x6d2 ./Drivers/STM32F4xx_HAL_Driver/Src/stm32f4xx_hal_hcd.o
 .text.HCD_RXQLVL_IRQHandler
                0x0800654e      0x1a4 ./Drivers/STM32F4xx_HAL_Driver/Src/stm32f4xx_hal_hcd.o
 .text.HCD_Port_IRQHandler
                0x080066f2       0xe6 ./Drivers/STM32F4xx_HAL_Driver/Src/stm32f4xx_hal_hcd.o
 .text.HAL_RCC_OscConfig
                0x080067d8      0x4f0 ./Drivers/STM32F4xx_HAL_Driver/Src/stm32f4xx_hal_rcc.o
                0x080067d8                HAL_RCC_OscConfig
 .text.HAL_RCC_ClockConfig
                0x08006cc8      0x1cc ./Drivers/STM32F4xx_HAL_Driver/Src/stm32f4xx_hal_rcc.o
                0x08006cc8                HAL_RCC_ClockConfig
 .text.HAL_RCC_GetSysClockFreq
                0x08006e94      0x20c ./Drivers/STM32F4xx_HAL_Driver/Src/stm32f4xx_hal_rcc.o
                0x08006e94                HAL_RCC_GetSysClockFreq
 .text.HAL_RCC_GetHCLKFreq
                0x080070a0       0x18 ./Drivers/STM32F4xx_HAL_Driver/Src/stm32f4xx_hal_rcc.o
                0x080070a0                HAL_RCC_GetHCLKFreq
 .text.HAL_RCC_GetPCLK1Freq
                0x080070b8       0x28 ./Drivers/STM32F4xx_HAL_Driver/Src/stm32f4xx_hal_rcc.o
                0x080070b8                HAL_RCC_GetPCLK1Freq
 .text.HAL_RCC_GetPCLK2Freq
                0x080070e0       0x28 ./Drivers/STM32F4xx_HAL_Driver/Src/stm32f4xx_hal_rcc.o
                0x080070e0                HAL_RCC_GetPCLK2Freq
 .text.HAL_RNG_Init
                0x08007108       0x54 ./Drivers/STM32F4xx_HAL_Driver/Src/stm32f4xx_hal_rng.o
                0x08007108                HAL_RNG_Init
 .text.HAL_TIM_Base_Init
                0x0800715c       0x9e ./Drivers/STM32F4xx_HAL_Driver/Src/stm32f4xx_hal_tim.o
                0x0800715c                HAL_TIM_Base_Init
 *fill*         0x080071fa        0x2 
 .text.HAL_TIM_Base_Start
                0x080071fc       0xd0 ./Drivers/STM32F4xx_HAL_Driver/Src/stm32f4xx_hal_tim.o
                0x080071fc                HAL_TIM_Base_Start
 .text.HAL_TIM_ConfigClockSource
                0x080072cc      0x18e ./Drivers/STM32F4xx_HAL_Driver/Src/stm32f4xx_hal_tim.o
                0x080072cc                HAL_TIM_ConfigClockSource
 *fill*         0x0800745a        0x2 
 .text.TIM_Base_SetConfig
                0x0800745c      0x140 ./Drivers/STM32F4xx_HAL_Driver/Src/stm32f4xx_hal_tim.o
                0x0800745c                TIM_Base_SetConfig
 .text.TIM_TI1_ConfigInputStage
                0x0800759c       0x5e ./Drivers/STM32F4xx_HAL_Driver/Src/stm32f4xx_hal_tim.o
 .text.TIM_TI2_ConfigInputStage
                0x080075fa       0x60 ./Drivers/STM32F4xx_HAL_Driver/Src/stm32f4xx_hal_tim.o
 .text.TIM_ITRx_SetConfig
                0x0800765a       0x36 ./Drivers/STM32F4xx_HAL_Driver/Src/stm32f4xx_hal_tim.o
 .text.TIM_ETR_SetConfig
                0x08007690       0x40 ./Drivers/STM32F4xx_HAL_Driver/Src/stm32f4xx_hal_tim.o
                0x08007690                TIM_ETR_SetConfig
 .text.HAL_TIMEx_MasterConfigSynchronization
                0x080076d0       0xf8 ./Drivers/STM32F4xx_HAL_Driver/Src/stm32f4xx_hal_tim_ex.o
                0x080076d0                HAL_TIMEx_MasterConfigSynchronization
 .text.HAL_UART_Init
                0x080077c8       0x9a ./Drivers/STM32F4xx_HAL_Driver/Src/stm32f4xx_hal_uart.o
                0x080077c8                HAL_UART_Init
 .text.HAL_UART_Transmit
                0x08007862      0x124 ./Drivers/STM32F4xx_HAL_Driver/Src/stm32f4xx_hal_uart.o
                0x08007862                HAL_UART_Transmit
 .text.HAL_UART_Receive
                0x08007986      0x144 ./Drivers/STM32F4xx_HAL_Driver/Src/stm32f4xx_hal_uart.o
                0x08007986                HAL_UART_Receive
 .text.HAL_UART_Receive_IT
                0x08007aca       0x60 ./Drivers/STM32F4xx_HAL_Driver/Src/stm32f4xx_hal_uart.o
                0x08007aca                HAL_UART_Receive_IT
 .text.HAL_UART_AbortReceive
                0x08007b2a      0x146 ./Drivers/STM32F4xx_HAL_Driver/Src/stm32f4xx_hal_uart.o
                0x08007b2a                HAL_UART_AbortReceive
 .text.HAL_UART_IRQHandler
                0x08007c70      0x51c ./Drivers/STM32F4xx_HAL_Driver/Src/stm32f4xx_hal_uart.o
                0x08007c70                HAL_UART_IRQHandler
 .text.HAL_UART_TxCpltCallback
                0x0800818c       0x14 ./Drivers/STM32F4xx_HAL_Driver/Src/stm32f4xx_hal_uart.o
                0x0800818c                HAL_UART_TxCpltCallback
 .text.HAL_UART_ErrorCallback
                0x080081a0       0x14 ./Drivers/STM32F4xx_HAL_Driver/Src/stm32f4xx_hal_uart.o
                0x080081a0                HAL_UART_ErrorCallback
 .text.HAL_UARTEx_RxEventCallback
                0x080081b4       0x18 ./Drivers/STM32F4xx_HAL_Driver/Src/stm32f4xx_hal_uart.o
                0x080081b4                HAL_UARTEx_RxEventCallback
 .text.UART_WaitOnFlagUntilTimeout
                0x080081cc       0xdc ./Drivers/STM32F4xx_HAL_Driver/Src/stm32f4xx_hal_uart.o
 .text.UART_Start_Receive_IT
                0x080082a8       0x7c ./Drivers/STM32F4xx_HAL_Driver/Src/stm32f4xx_hal_uart.o
                0x080082a8                UART_Start_Receive_IT
 .text.UART_EndRxTransfer
                0x08008324       0xc6 ./Drivers/STM32F4xx_HAL_Driver/Src/stm32f4xx_hal_uart.o
 .text.UART_DMAAbortOnError
                0x080083ea       0x28 ./Drivers/STM32F4xx_HAL_Driver/Src/stm32f4xx_hal_uart.o
 .text.UART_Transmit_IT
                0x08008412       0xa0 ./Drivers/STM32F4xx_HAL_Driver/Src/stm32f4xx_hal_uart.o
 .text.UART_EndTransmit_IT
                0x080084b2       0x30 ./Drivers/STM32F4xx_HAL_Driver/Src/stm32f4xx_hal_uart.o
 .text.UART_Receive_IT
                0x080084e2      0x176 ./Drivers/STM32F4xx_HAL_Driver/Src/stm32f4xx_hal_uart.o
 .text.UART_SetConfig
                0x08008658      0x4e8 ./Drivers/STM32F4xx_HAL_Driver/Src/stm32f4xx_hal_uart.o
 .text.USB_CoreInit
                0x08008b40       0xc2 ./Drivers/STM32F4xx_HAL_Driver/Src/stm32f4xx_ll_usb.o
                0x08008b40                USB_CoreInit
 .text.USB_EnableGlobalInt
                0x08008c02       0x22 ./Drivers/STM32F4xx_HAL_Driver/Src/stm32f4xx_ll_usb.o
                0x08008c02                USB_EnableGlobalInt
 .text.USB_DisableGlobalInt
                0x08008c24       0x22 ./Drivers/STM32F4xx_HAL_Driver/Src/stm32f4xx_ll_usb.o
                0x08008c24                USB_DisableGlobalInt
 .text.USB_SetCurrentMode
                0x08008c46       0x98 ./Drivers/STM32F4xx_HAL_Driver/Src/stm32f4xx_ll_usb.o
                0x08008c46                USB_SetCurrentMode
 *fill*         0x08008cde        0x2 
 .text.USB_FlushTxFifo
                0x08008ce0       0x68 ./Drivers/STM32F4xx_HAL_Driver/Src/stm32f4xx_ll_usb.o
                0x08008ce0                USB_FlushTxFifo
 .text.USB_FlushRxFifo
                0x08008d48       0x60 ./Drivers/STM32F4xx_HAL_Driver/Src/stm32f4xx_ll_usb.o
                0x08008d48                USB_FlushRxFifo
 .text.USB_WritePacket
                0x08008da8       0x7c ./Drivers/STM32F4xx_HAL_Driver/Src/stm32f4xx_ll_usb.o
                0x08008da8                USB_WritePacket
 .text.USB_ReadPacket
                0x08008e24       0xb0 ./Drivers/STM32F4xx_HAL_Driver/Src/stm32f4xx_ll_usb.o
                0x08008e24                USB_ReadPacket
 .text.USB_ReadInterrupts
                0x08008ed4       0x26 ./Drivers/STM32F4xx_HAL_Driver/Src/stm32f4xx_ll_usb.o
                0x08008ed4                USB_ReadInterrupts
 .text.USB_GetMode
                0x08008efa       0x1c ./Drivers/STM32F4xx_HAL_Driver/Src/stm32f4xx_ll_usb.o
                0x08008efa                USB_GetMode
 *fill*         0x08008f16        0x2 
 .text.USB_CoreReset
                0x08008f18       0x68 ./Drivers/STM32F4xx_HAL_Driver/Src/stm32f4xx_ll_usb.o
 .text.USB_HostInit
                0x08008f80      0x180 ./Drivers/STM32F4xx_HAL_Driver/Src/stm32f4xx_ll_usb.o
                0x08008f80                USB_HostInit
 .text.USB_InitFSLSPClkSel
                0x08009100       0x74 ./Drivers/STM32F4xx_HAL_Driver/Src/stm32f4xx_ll_usb.o
                0x08009100                USB_InitFSLSPClkSel
 .text.USB_ResetPort
                0x08009174       0x54 ./Drivers/STM32F4xx_HAL_Driver/Src/stm32f4xx_ll_usb.o
                0x08009174                USB_ResetPort
 .text.USB_DriveVbus
                0x080091c8       0x72 ./Drivers/STM32F4xx_HAL_Driver/Src/stm32f4xx_ll_usb.o
                0x080091c8                USB_DriveVbus
 .text.USB_GetHostSpeed
                0x0800923a       0x2e ./Drivers/STM32F4xx_HAL_Driver/Src/stm32f4xx_ll_usb.o
                0x0800923a                USB_GetHostSpeed
 .text.USB_GetCurrentFrame
                0x08009268       0x22 ./Drivers/STM32F4xx_HAL_Driver/Src/stm32f4xx_ll_usb.o
                0x08009268                USB_GetCurrentFrame
 *fill*         0x0800928a        0x2 
 .text.USB_HC_Init
                0x0800928c      0x244 ./Drivers/STM32F4xx_HAL_Driver/Src/stm32f4xx_ll_usb.o
                0x0800928c                USB_HC_Init
 .text.USB_HC_StartXfer
                0x080094d0      0x284 ./Drivers/STM32F4xx_HAL_Driver/Src/stm32f4xx_ll_usb.o
                0x080094d0                USB_HC_StartXfer
 .text.USB_HC_ReadInterrupt
                0x08009754       0x22 ./Drivers/STM32F4xx_HAL_Driver/Src/stm32f4xx_ll_usb.o
                0x08009754                USB_HC_ReadInterrupt
 .text.USB_HC_Halt
                0x08009776      0x1f8 ./Drivers/STM32F4xx_HAL_Driver/Src/stm32f4xx_ll_usb.o
                0x08009776                USB_HC_Halt
 *fill*         0x0800996e        0x2 
 .text.USB_DoPing
                0x08009970       0x78 ./Drivers/STM32F4xx_HAL_Driver/Src/stm32f4xx_ll_usb.o
                0x08009970                USB_DoPing
 .text.USB_StopHost
                0x080099e8      0x124 ./Drivers/STM32F4xx_HAL_Driver/Src/stm32f4xx_ll_usb.o
                0x080099e8                USB_StopHost
 .text.USBH_CDC_InterfaceInit
                0x08009b0c      0x2ac ./Middlewares/ST/STM32_USB_Host_Library/Class/CDC/Src/usbh_cdc.o
 .text.USBH_CDC_InterfaceDeInit
                0x08009db8       0xb2 ./Middlewares/ST/STM32_USB_Host_Library/Class/CDC/Src/usbh_cdc.o
 .text.USBH_CDC_ClassRequest
                0x08009e6a       0x3e ./Middlewares/ST/STM32_USB_Host_Library/Class/CDC/Src/usbh_cdc.o
 .text.USBH_CDC_Process
                0x08009ea8      0x12c ./Middlewares/ST/STM32_USB_Host_Library/Class/CDC/Src/usbh_cdc.o
 .text.USBH_CDC_SOFProcess
                0x08009fd4       0x16 ./Middlewares/ST/STM32_USB_Host_Library/Class/CDC/Src/usbh_cdc.o
 .text.GetLineCoding
                0x08009fea       0x3e ./Middlewares/ST/STM32_USB_Host_Library/Class/CDC/Src/usbh_cdc.o
 .text.SetLineCoding
                0x0800a028       0x3e ./Middlewares/ST/STM32_USB_Host_Library/Class/CDC/Src/usbh_cdc.o
 .text.CDC_ProcessTransmission
                0x0800a066       0xec ./Middlewares/ST/STM32_USB_Host_Library/Class/CDC/Src/usbh_cdc.o
 .text.CDC_ProcessReception
                0x0800a152       0xb6 ./Middlewares/ST/STM32_USB_Host_Library/Class/CDC/Src/usbh_cdc.o
 .text.USBH_CDC_TransmitCallback
                0x0800a208       0x14 ./Middlewares/ST/STM32_USB_Host_Library/Class/CDC/Src/usbh_cdc.o
                0x0800a208                USBH_CDC_TransmitCallback
 .text.USBH_CDC_ReceiveCallback
                0x0800a21c       0x14 ./Middlewares/ST/STM32_USB_Host_Library/Class/CDC/Src/usbh_cdc.o
                0x0800a21c                USBH_CDC_ReceiveCallback
 .text.USBH_CDC_LineCodingChanged
                0x0800a230       0x14 ./Middlewares/ST/STM32_USB_Host_Library/Class/CDC/Src/usbh_cdc.o
                0x0800a230                USBH_CDC_LineCodingChanged
 .text.USBH_Init
                0x0800a244       0x74 ./Middlewares/ST/STM32_USB_Host_Library/Core/Src/usbh_core.o
                0x0800a244                USBH_Init
 .text.DeInitStateMachine
                0x0800a2b8       0xa8 ./Middlewares/ST/STM32_USB_Host_Library/Core/Src/usbh_core.o
 .text.USBH_RegisterClass
                0x0800a360       0x54 ./Middlewares/ST/STM32_USB_Host_Library/Core/Src/usbh_core.o
                0x0800a360                USBH_RegisterClass
 .text.USBH_SelectInterface
                0x0800a3b4       0x38 ./Middlewares/ST/STM32_USB_Host_Library/Core/Src/usbh_core.o
                0x0800a3b4                USBH_SelectInterface
 .text.USBH_FindInterface
                0x0800a3ec       0x8c ./Middlewares/ST/STM32_USB_Host_Library/Core/Src/usbh_core.o
                0x0800a3ec                USBH_FindInterface
 .text.USBH_Start
                0x0800a478       0x20 ./Middlewares/ST/STM32_USB_Host_Library/Core/Src/usbh_core.o
                0x0800a478                USBH_Start
 .text.USBH_Process
                0x0800a498      0x3d0 ./Middlewares/ST/STM32_USB_Host_Library/Core/Src/usbh_core.o
                0x0800a498                USBH_Process
 .text.USBH_HandleEnum
                0x0800a868      0x3c0 ./Middlewares/ST/STM32_USB_Host_Library/Core/Src/usbh_core.o
 .text.USBH_LL_SetTimer
                0x0800ac28       0x1e ./Middlewares/ST/STM32_USB_Host_Library/Core/Src/usbh_core.o
                0x0800ac28                USBH_LL_SetTimer
 .text.USBH_LL_IncTimer
                0x0800ac46       0x24 ./Middlewares/ST/STM32_USB_Host_Library/Core/Src/usbh_core.o
                0x0800ac46                USBH_LL_IncTimer
 .text.USBH_HandleSof
                0x0800ac6a       0x30 ./Middlewares/ST/STM32_USB_Host_Library/Core/Src/usbh_core.o
 .text.USBH_LL_PortEnabled
                0x0800ac9a       0x1c ./Middlewares/ST/STM32_USB_Host_Library/Core/Src/usbh_core.o
                0x0800ac9a                USBH_LL_PortEnabled
 .text.USBH_LL_PortDisabled
                0x0800acb6       0x1c ./Middlewares/ST/STM32_USB_Host_Library/Core/Src/usbh_core.o
                0x0800acb6                USBH_LL_PortDisabled
 .text.USBH_LL_Connect
                0x0800acd2       0x2e ./Middlewares/ST/STM32_USB_Host_Library/Core/Src/usbh_core.o
                0x0800acd2                USBH_LL_Connect
 .text.USBH_LL_Disconnect
                0x0800ad00       0x48 ./Middlewares/ST/STM32_USB_Host_Library/Core/Src/usbh_core.o
                0x0800ad00                USBH_LL_Disconnect
 .text.USBH_Get_DevDesc
                0x0800ad48       0x50 ./Middlewares/ST/STM32_USB_Host_Library/Core/Src/usbh_ctlreq.o
                0x0800ad48                USBH_Get_DevDesc
 .text.USBH_Get_CfgDesc
                0x0800ad98       0x48 ./Middlewares/ST/STM32_USB_Host_Library/Core/Src/usbh_ctlreq.o
                0x0800ad98                USBH_Get_CfgDesc
 .text.USBH_Get_StringDesc
                0x0800ade0       0x56 ./Middlewares/ST/STM32_USB_Host_Library/Core/Src/usbh_ctlreq.o
                0x0800ade0                USBH_Get_StringDesc
 .text.USBH_GetDescriptor
                0x0800ae36       0x6a ./Middlewares/ST/STM32_USB_Host_Library/Core/Src/usbh_ctlreq.o
                0x0800ae36                USBH_GetDescriptor
 .text.USBH_SetAddress
                0x0800aea0       0x48 ./Middlewares/ST/STM32_USB_Host_Library/Core/Src/usbh_ctlreq.o
                0x0800aea0                USBH_SetAddress
 .text.USBH_SetCfg
                0x0800aee8       0x46 ./Middlewares/ST/STM32_USB_Host_Library/Core/Src/usbh_ctlreq.o
                0x0800aee8                USBH_SetCfg
 .text.USBH_SetFeature
                0x0800af2e       0x48 ./Middlewares/ST/STM32_USB_Host_Library/Core/Src/usbh_ctlreq.o
                0x0800af2e                USBH_SetFeature
 .text.USBH_ClrFeature
                0x0800af76       0x48 ./Middlewares/ST/STM32_USB_Host_Library/Core/Src/usbh_ctlreq.o
                0x0800af76                USBH_ClrFeature
 *fill*         0x0800afbe        0x2 
 .text.USBH_ParseDevDesc
                0x0800afc0      0x11c ./Middlewares/ST/STM32_USB_Host_Library/Core/Src/usbh_ctlreq.o
 .text.USBH_ParseCfgDesc
                0x0800b0dc      0x1ea ./Middlewares/ST/STM32_USB_Host_Library/Core/Src/usbh_ctlreq.o
 .text.USBH_ParseInterfaceDesc
                0x0800b2c6       0x5e ./Middlewares/ST/STM32_USB_Host_Library/Core/Src/usbh_ctlreq.o
 .text.USBH_ParseEPDesc
                0x0800b324      0x144 ./Middlewares/ST/STM32_USB_Host_Library/Core/Src/usbh_ctlreq.o
 .text.USBH_ParseStringDesc
                0x0800b468       0x66 ./Middlewares/ST/STM32_USB_Host_Library/Core/Src/usbh_ctlreq.o
 .text.USBH_GetNextDesc
                0x0800b4ce       0x34 ./Middlewares/ST/STM32_USB_Host_Library/Core/Src/usbh_ctlreq.o
                0x0800b4ce                USBH_GetNextDesc
 .text.USBH_CtlReq
                0x0800b502       0x7a ./Middlewares/ST/STM32_USB_Host_Library/Core/Src/usbh_ctlreq.o
                0x0800b502                USBH_CtlReq
 .text.USBH_HandleControl
                0x0800b57c      0x2e8 ./Middlewares/ST/STM32_USB_Host_Library/Core/Src/usbh_ctlreq.o
 .text.USBH_CtlSendSetup
                0x0800b864       0x34 ./Middlewares/ST/STM32_USB_Host_Library/Core/Src/usbh_ioreq.o
                0x0800b864                USBH_CtlSendSetup
 .text.USBH_CtlSendData
                0x0800b898       0x4a ./Middlewares/ST/STM32_USB_Host_Library/Core/Src/usbh_ioreq.o
                0x0800b898                USBH_CtlSendData
 .text.USBH_CtlReceiveData
                0x0800b8e2       0x3c ./Middlewares/ST/STM32_USB_Host_Library/Core/Src/usbh_ioreq.o
                0x0800b8e2                USBH_CtlReceiveData
 .text.USBH_BulkSendData
                0x0800b91e       0x4a ./Middlewares/ST/STM32_USB_Host_Library/Core/Src/usbh_ioreq.o
                0x0800b91e                USBH_BulkSendData
 .text.USBH_BulkReceiveData
                0x0800b968       0x3c ./Middlewares/ST/STM32_USB_Host_Library/Core/Src/usbh_ioreq.o
                0x0800b968                USBH_BulkReceiveData
 .text.USBH_OpenPipe
                0x0800b9a4       0x3e ./Middlewares/ST/STM32_USB_Host_Library/Core/Src/usbh_pipes.o
                0x0800b9a4                USBH_OpenPipe
 .text.USBH_ClosePipe
                0x0800b9e2       0x20 ./Middlewares/ST/STM32_USB_Host_Library/Core/Src/usbh_pipes.o
                0x0800b9e2                USBH_ClosePipe
 .text.USBH_AllocPipe
                0x0800ba02       0x42 ./Middlewares/ST/STM32_USB_Host_Library/Core/Src/usbh_pipes.o
                0x0800ba02                USBH_AllocPipe
 .text.USBH_FreePipe
                0x0800ba44       0x3c ./Middlewares/ST/STM32_USB_Host_Library/Core/Src/usbh_pipes.o
                0x0800ba44                USBH_FreePipe
 .text.USBH_GetFreePipe
                0x0800ba80       0x48 ./Middlewares/ST/STM32_USB_Host_Library/Core/Src/usbh_pipes.o
 .text.MX_USB_HOST_Init
                0x0800bac8       0x4c ./USB_HOST/App/usb_host.o
                0x0800bac8                MX_USB_HOST_Init
 .text.MX_USB_HOST_Process
                0x0800bb14       0x14 ./USB_HOST/App/usb_host.o
                0x0800bb14                MX_USB_HOST_Process
 .text.USBH_UserProcess
                0x0800bb28       0x5c ./USB_HOST/App/usb_host.o
 .text.HAL_HCD_MspInit
                0x0800bb84       0xc4 ./USB_HOST/Target/usbh_conf.o
                0x0800bb84                HAL_HCD_MspInit
 .text.HAL_HCD_SOF_Callback
                0x0800bc48       0x1c ./USB_HOST/Target/usbh_conf.o
                0x0800bc48                HAL_HCD_SOF_Callback
 .text.HAL_HCD_Connect_Callback
                0x0800bc64       0x1c ./USB_HOST/Target/usbh_conf.o
                0x0800bc64                HAL_HCD_Connect_Callback
 .text.HAL_HCD_Disconnect_Callback
                0x0800bc80       0x1c ./USB_HOST/Target/usbh_conf.o
                0x0800bc80                HAL_HCD_Disconnect_Callback
 .text.HAL_HCD_HC_NotifyURBChange_Callback
                0x0800bc9c       0x1c ./USB_HOST/Target/usbh_conf.o
                0x0800bc9c                HAL_HCD_HC_NotifyURBChange_Callback
 .text.HAL_HCD_PortEnabled_Callback
                0x0800bcb8       0x1c ./USB_HOST/Target/usbh_conf.o
                0x0800bcb8                HAL_HCD_PortEnabled_Callback
 .text.HAL_HCD_PortDisabled_Callback
                0x0800bcd4       0x1c ./USB_HOST/Target/usbh_conf.o
                0x0800bcd4                HAL_HCD_PortDisabled_Callback
 .text.USBH_LL_Init
                0x0800bcf0       0x78 ./USB_HOST/Target/usbh_conf.o
                0x0800bcf0                USBH_LL_Init
 .text.USBH_LL_Start
                0x0800bd68       0x36 ./USB_HOST/Target/usbh_conf.o
                0x0800bd68                USBH_LL_Start
 .text.USBH_LL_Stop
                0x0800bd9e       0x36 ./USB_HOST/Target/usbh_conf.o
                0x0800bd9e                USBH_LL_Stop
 .text.USBH_LL_GetSpeed
                0x0800bdd4       0x4e ./USB_HOST/Target/usbh_conf.o
                0x0800bdd4                USBH_LL_GetSpeed
 .text.USBH_LL_ResetPort
                0x0800be22       0x36 ./USB_HOST/Target/usbh_conf.o
                0x0800be22                USBH_LL_ResetPort
 .text.USBH_LL_GetLastXferSize
                0x0800be58       0x26 ./USB_HOST/Target/usbh_conf.o
                0x0800be58                USBH_LL_GetLastXferSize
 .text.USBH_LL_OpenPipe
                0x0800be7e       0x5e ./USB_HOST/Target/usbh_conf.o
                0x0800be7e                USBH_LL_OpenPipe
 .text.USBH_LL_ClosePipe
                0x0800bedc       0x3e ./USB_HOST/Target/usbh_conf.o
                0x0800bedc                USBH_LL_ClosePipe
 .text.USBH_LL_SubmitURB
                0x0800bf1a       0x62 ./USB_HOST/Target/usbh_conf.o
                0x0800bf1a                USBH_LL_SubmitURB
 .text.USBH_LL_GetURBState
                0x0800bf7c       0x26 ./USB_HOST/Target/usbh_conf.o
                0x0800bf7c                USBH_LL_GetURBState
 .text.USBH_LL_DriverVBUS
                0x0800bfa2       0x2e ./USB_HOST/Target/usbh_conf.o
                0x0800bfa2                USBH_LL_DriverVBUS
 .text.USBH_LL_SetToggle
                0x0800bfd0       0x60 ./USB_HOST/Target/usbh_conf.o
                0x0800bfd0                USBH_LL_SetToggle
 .text.USBH_Delay
                0x0800c030       0x16 ./USB_HOST/Target/usbh_conf.o
                0x0800c030                USBH_Delay
 *fill*         0x0800c046        0x2 
 .text.USBH_Get_USB_Status
                0x0800c048       0x58 ./USB_HOST/Target/usbh_conf.o
                0x0800c048                USBH_Get_USB_Status
 .text.MX_DriverVbusFS
                0x0800c0a0       0x38 ./USB_HOST/Target/usbh_platform.o
                0x0800c0a0                MX_DriverVbusFS
 .text.malloc   0x0800c0d8       0x10 /opt/st/stm32cubeide_1.15.0/plugins/com.st.stm32cube.ide.mcu.externaltools.gnu-tools-for-stm32.12.3.rel1.linux64_1.0.100.202403111256/tools/bin/../lib/gcc/arm-none-eabi/12.3.1/../../../../arm-none-eabi/lib/thumb/v7e-m+fp/hard/libc_nano.a(libc_a-malloc.o)
                0x0800c0d8                malloc
 .text.free     0x0800c0e8       0x10 /opt/st/stm32cubeide_1.15.0/plugins/com.st.stm32cube.ide.mcu.externaltools.gnu-tools-for-stm32.12.3.rel1.linux64_1.0.100.202403111256/tools/bin/../lib/gcc/arm-none-eabi/12.3.1/../../../../arm-none-eabi/lib/thumb/v7e-m+fp/hard/libc_nano.a(libc_a-malloc.o)
                0x0800c0e8                free
 .text.sbrk_aligned
                0x0800c0f8       0x44 /opt/st/stm32cubeide_1.15.0/plugins/com.st.stm32cube.ide.mcu.externaltools.gnu-tools-for-stm32.12.3.rel1.linux64_1.0.100.202403111256/tools/bin/../lib/gcc/arm-none-eabi/12.3.1/../../../../arm-none-eabi/lib/thumb/v7e-m+fp/hard/libc_nano.a(libc_a-mallocr.o)
 .text._malloc_r
                0x0800c13c      0x100 /opt/st/stm32cubeide_1.15.0/plugins/com.st.stm32cube.ide.mcu.externaltools.gnu-tools-for-stm32.12.3.rel1.linux64_1.0.100.202403111256/tools/bin/../lib/gcc/arm-none-eabi/12.3.1/../../../../arm-none-eabi/lib/thumb/v7e-m+fp/hard/libc_nano.a(libc_a-mallocr.o)
                0x0800c13c                _malloc_r
 .text.__malloc_lock
                0x0800c23c        0xc /opt/st/stm32cubeide_1.15.0/plugins/com.st.stm32cube.ide.mcu.externaltools.gnu-tools-for-stm32.12.3.rel1.linux64_1.0.100.202403111256/tools/bin/../lib/gcc/arm-none-eabi/12.3.1/../../../../arm-none-eabi/lib/thumb/v7e-m+fp/hard/libc_nano.a(libc_a-mlock.o)
                0x0800c23c                __malloc_lock
 .text.__malloc_unlock
                0x0800c248        0xc /opt/st/stm32cubeide_1.15.0/plugins/com.st.stm32cube.ide.mcu.externaltools.gnu-tools-for-stm32.12.3.rel1.linux64_1.0.100.202403111256/tools/bin/../lib/gcc/arm-none-eabi/12.3.1/../../../../arm-none-eabi/lib/thumb/v7e-m+fp/hard/libc_nano.a(libc_a-mlock.o)
                0x0800c248                __malloc_unlock
 .text.__cvt    0x0800c254       0xca /opt/st/stm32cubeide_1.15.0/plugins/com.st.stm32cube.ide.mcu.externaltools.gnu-tools-for-stm32.12.3.rel1.linux64_1.0.100.202403111256/tools/bin/../lib/gcc/arm-none-eabi/12.3.1/../../../../arm-none-eabi/lib/thumb/v7e-m+fp/hard/libc_nano.a(libc_a-nano-vfprintf_float.o)
                0x0800c254                __cvt
 .text.__exponent
                0x0800c31e       0x74 /opt/st/stm32cubeide_1.15.0/plugins/com.st.stm32cube.ide.mcu.externaltools.gnu-tools-for-stm32.12.3.rel1.linux64_1.0.100.202403111256/tools/bin/../lib/gcc/arm-none-eabi/12.3.1/../../../../arm-none-eabi/lib/thumb/v7e-m+fp/hard/libc_nano.a(libc_a-nano-vfprintf_float.o)
                0x0800c31e                __exponent
 *fill*         0x0800c392        0x2 
 .text._printf_float
                0x0800c394      0x454 /opt/st/stm32cubeide_1.15.0/plugins/com.st.stm32cube.ide.mcu.externaltools.gnu-tools-for-stm32.12.3.rel1.linux64_1.0.100.202403111256/tools/bin/../lib/gcc/arm-none-eabi/12.3.1/../../../../arm-none-eabi/lib/thumb/v7e-m+fp/hard/libc_nano.a(libc_a-nano-vfprintf_float.o)
                0x0800c394                _printf_float
 .text._printf_common
                0x0800c7e8       0xda /opt/st/stm32cubeide_1.15.0/plugins/com.st.stm32cube.ide.mcu.externaltools.gnu-tools-for-stm32.12.3.rel1.linux64_1.0.100.202403111256/tools/bin/../lib/gcc/arm-none-eabi/12.3.1/../../../../arm-none-eabi/lib/thumb/v7e-m+fp/hard/libc_nano.a(libc_a-nano-vfprintf_i.o)
                0x0800c7e8                _printf_common
 *fill*         0x0800c8c2        0x2 
 .text._printf_i
                0x0800c8c4      0x240 /opt/st/stm32cubeide_1.15.0/plugins/com.st.stm32cube.ide.mcu.externaltools.gnu-tools-for-stm32.12.3.rel1.linux64_1.0.100.202403111256/tools/bin/../lib/gcc/arm-none-eabi/12.3.1/../../../../arm-none-eabi/lib/thumb/v7e-m+fp/hard/libc_nano.a(libc_a-nano-vfprintf_i.o)
                0x0800c8c4                _printf_i
 .text._scanf_float
                0x0800cb04      0x428 /opt/st/stm32cubeide_1.15.0/plugins/com.st.stm32cube.ide.mcu.externaltools.gnu-tools-for-stm32.12.3.rel1.linux64_1.0.100.202403111256/tools/bin/../lib/gcc/arm-none-eabi/12.3.1/../../../../arm-none-eabi/lib/thumb/v7e-m+fp/hard/libc_nano.a(libc_a-nano-vfscanf_float.o)
                0x0800cb04                _scanf_float
 .text._fclose_r
                0x0800cf2c       0xaa /opt/st/stm32cubeide_1.15.0/plugins/com.st.stm32cube.ide.mcu.externaltools.gnu-tools-for-stm32.12.3.rel1.linux64_1.0.100.202403111256/tools/bin/../lib/gcc/arm-none-eabi/12.3.1/../../../../arm-none-eabi/lib/thumb/v7e-m+fp/hard/libc_nano.a(libc_a-fclose.o)
                0x0800cf2c                _fclose_r
 *fill*         0x0800cfd6        0x2 
 .text.fclose   0x0800cfd8       0x10 /opt/st/stm32cubeide_1.15.0/plugins/com.st.stm32cube.ide.mcu.externaltools.gnu-tools-for-stm32.12.3.rel1.linux64_1.0.100.202403111256/tools/bin/../lib/gcc/arm-none-eabi/12.3.1/../../../../arm-none-eabi/lib/thumb/v7e-m+fp/hard/libc_nano.a(libc_a-fclose.o)
                0x0800cfd8                fclose
 .text.feof     0x0800cfe8       0x48 /opt/st/stm32cubeide_1.15.0/plugins/com.st.stm32cube.ide.mcu.externaltools.gnu-tools-for-stm32.12.3.rel1.linux64_1.0.100.202403111256/tools/bin/../lib/gcc/arm-none-eabi/12.3.1/../../../../arm-none-eabi/lib/thumb/v7e-m+fp/hard/libc_nano.a(libc_a-feof.o)
                0x0800cfe8                feof
 .text.__sflush_r
                0x0800d030      0x108 /opt/st/stm32cubeide_1.15.0/plugins/com.st.stm32cube.ide.mcu.externaltools.gnu-tools-for-stm32.12.3.rel1.linux64_1.0.100.202403111256/tools/bin/../lib/gcc/arm-none-eabi/12.3.1/../../../../arm-none-eabi/lib/thumb/v7e-m+fp/hard/libc_nano.a(libc_a-fflush.o)
                0x0800d030                __sflush_r
 .text._fflush_r
                0x0800d138       0x50 /opt/st/stm32cubeide_1.15.0/plugins/com.st.stm32cube.ide.mcu.externaltools.gnu-tools-for-stm32.12.3.rel1.linux64_1.0.100.202403111256/tools/bin/../lib/gcc/arm-none-eabi/12.3.1/../../../../arm-none-eabi/lib/thumb/v7e-m+fp/hard/libc_nano.a(libc_a-fflush.o)
                0x0800d138                _fflush_r
 .text.fflush   0x0800d188       0x28 /opt/st/stm32cubeide_1.15.0/plugins/com.st.stm32cube.ide.mcu.externaltools.gnu-tools-for-stm32.12.3.rel1.linux64_1.0.100.202403111256/tools/bin/../lib/gcc/arm-none-eabi/12.3.1/../../../../arm-none-eabi/lib/thumb/v7e-m+fp/hard/libc_nano.a(libc_a-fflush.o)
                0x0800d188                fflush
 .text._fgetpos_r
                0x0800d1b0       0x12 /opt/st/stm32cubeide_1.15.0/plugins/com.st.stm32cube.ide.mcu.externaltools.gnu-tools-for-stm32.12.3.rel1.linux64_1.0.100.202403111256/tools/bin/../lib/gcc/arm-none-eabi/12.3.1/../../../../arm-none-eabi/lib/thumb/v7e-m+fp/hard/libc_nano.a(libc_a-fgetpos.o)
                0x0800d1b0                _fgetpos_r
 *fill*         0x0800d1c2        0x2 
 .text.fgetpos  0x0800d1c4       0x10 /opt/st/stm32cubeide_1.15.0/plugins/com.st.stm32cube.ide.mcu.externaltools.gnu-tools-for-stm32.12.3.rel1.linux64_1.0.100.202403111256/tools/bin/../lib/gcc/arm-none-eabi/12.3.1/../../../../arm-none-eabi/lib/thumb/v7e-m+fp/hard/libc_nano.a(libc_a-fgetpos.o)
                0x0800d1c4                fgetpos
 .text._fgets_r
                0x0800d1d4       0xcc /opt/st/stm32cubeide_1.15.0/plugins/com.st.stm32cube.ide.mcu.externaltools.gnu-tools-for-stm32.12.3.rel1.linux64_1.0.100.202403111256/tools/bin/../lib/gcc/arm-none-eabi/12.3.1/../../../../arm-none-eabi/lib/thumb/v7e-m+fp/hard/libc_nano.a(libc_a-fgets.o)
                0x0800d1d4                _fgets_r
 .text.fgets    0x0800d2a0       0x14 /opt/st/stm32cubeide_1.15.0/plugins/com.st.stm32cube.ide.mcu.externaltools.gnu-tools-for-stm32.12.3.rel1.linux64_1.0.100.202403111256/tools/bin/../lib/gcc/arm-none-eabi/12.3.1/../../../../arm-none-eabi/lib/thumb/v7e-m+fp/hard/libc_nano.a(libc_a-fgets.o)
                0x0800d2a0                fgets
 .text.std      0x0800d2b4       0x6c /opt/st/stm32cubeide_1.15.0/plugins/com.st.stm32cube.ide.mcu.externaltools.gnu-tools-for-stm32.12.3.rel1.linux64_1.0.100.202403111256/tools/bin/../lib/gcc/arm-none-eabi/12.3.1/../../../../arm-none-eabi/lib/thumb/v7e-m+fp/hard/libc_nano.a(libc_a-findfp.o)
 .text.stdio_exit_handler
                0x0800d320       0x18 /opt/st/stm32cubeide_1.15.0/plugins/com.st.stm32cube.ide.mcu.externaltools.gnu-tools-for-stm32.12.3.rel1.linux64_1.0.100.202403111256/tools/bin/../lib/gcc/arm-none-eabi/12.3.1/../../../../arm-none-eabi/lib/thumb/v7e-m+fp/hard/libc_nano.a(libc_a-findfp.o)
 .text.cleanup_stdio
                0x0800d338       0x40 /opt/st/stm32cubeide_1.15.0/plugins/com.st.stm32cube.ide.mcu.externaltools.gnu-tools-for-stm32.12.3.rel1.linux64_1.0.100.202403111256/tools/bin/../lib/gcc/arm-none-eabi/12.3.1/../../../../arm-none-eabi/lib/thumb/v7e-m+fp/hard/libc_nano.a(libc_a-findfp.o)
 .text.global_stdio_init.part.0
                0x0800d378       0x3c /opt/st/stm32cubeide_1.15.0/plugins/com.st.stm32cube.ide.mcu.externaltools.gnu-tools-for-stm32.12.3.rel1.linux64_1.0.100.202403111256/tools/bin/../lib/gcc/arm-none-eabi/12.3.1/../../../../arm-none-eabi/lib/thumb/v7e-m+fp/hard/libc_nano.a(libc_a-findfp.o)
 .text.__sfp_lock_acquire
                0x0800d3b4        0xc /opt/st/stm32cubeide_1.15.0/plugins/com.st.stm32cube.ide.mcu.externaltools.gnu-tools-for-stm32.12.3.rel1.linux64_1.0.100.202403111256/tools/bin/../lib/gcc/arm-none-eabi/12.3.1/../../../../arm-none-eabi/lib/thumb/v7e-m+fp/hard/libc_nano.a(libc_a-findfp.o)
                0x0800d3b4                __sfp_lock_acquire
 .text.__sfp_lock_release
                0x0800d3c0        0xc /opt/st/stm32cubeide_1.15.0/plugins/com.st.stm32cube.ide.mcu.externaltools.gnu-tools-for-stm32.12.3.rel1.linux64_1.0.100.202403111256/tools/bin/../lib/gcc/arm-none-eabi/12.3.1/../../../../arm-none-eabi/lib/thumb/v7e-m+fp/hard/libc_nano.a(libc_a-findfp.o)
                0x0800d3c0                __sfp_lock_release
 .text.__sfp    0x0800d3cc       0xa4 /opt/st/stm32cubeide_1.15.0/plugins/com.st.stm32cube.ide.mcu.externaltools.gnu-tools-for-stm32.12.3.rel1.linux64_1.0.100.202403111256/tools/bin/../lib/gcc/arm-none-eabi/12.3.1/../../../../arm-none-eabi/lib/thumb/v7e-m+fp/hard/libc_nano.a(libc_a-findfp.o)
                0x0800d3cc                __sfp
 .text.__sinit  0x0800d470       0x30 /opt/st/stm32cubeide_1.15.0/plugins/com.st.stm32cube.ide.mcu.externaltools.gnu-tools-for-stm32.12.3.rel1.linux64_1.0.100.202403111256/tools/bin/../lib/gcc/arm-none-eabi/12.3.1/../../../../arm-none-eabi/lib/thumb/v7e-m+fp/hard/libc_nano.a(libc_a-findfp.o)
                0x0800d470                __sinit
 .text.fprintf  0x0800d4a0       0x24 /opt/st/stm32cubeide_1.15.0/plugins/com.st.stm32cube.ide.mcu.externaltools.gnu-tools-for-stm32.12.3.rel1.linux64_1.0.100.202403111256/tools/bin/../lib/gcc/arm-none-eabi/12.3.1/../../../../arm-none-eabi/lib/thumb/v7e-m+fp/hard/libc_nano.a(libc_a-fprintf.o)
                0x0800d4a0                fprintf
                0x0800d4a0                fiprintf
 .text._fputc_r
                0x0800d4c4       0x46 /opt/st/stm32cubeide_1.15.0/plugins/com.st.stm32cube.ide.mcu.externaltools.gnu-tools-for-stm32.12.3.rel1.linux64_1.0.100.202403111256/tools/bin/../lib/gcc/arm-none-eabi/12.3.1/../../../../arm-none-eabi/lib/thumb/v7e-m+fp/hard/libc_nano.a(libc_a-fputc.o)
                0x0800d4c4                _fputc_r
 *fill*         0x0800d50a        0x2 
 .text.fputc    0x0800d50c       0x10 /opt/st/stm32cubeide_1.15.0/plugins/com.st.stm32cube.ide.mcu.externaltools.gnu-tools-for-stm32.12.3.rel1.linux64_1.0.100.202403111256/tools/bin/../lib/gcc/arm-none-eabi/12.3.1/../../../../arm-none-eabi/lib/thumb/v7e-m+fp/hard/libc_nano.a(libc_a-fputc.o)
                0x0800d50c                fputc
 .text.fscanf   0x0800d51c       0x24 /opt/st/stm32cubeide_1.15.0/plugins/com.st.stm32cube.ide.mcu.externaltools.gnu-tools-for-stm32.12.3.rel1.linux64_1.0.100.202403111256/tools/bin/../lib/gcc/arm-none-eabi/12.3.1/../../../../arm-none-eabi/lib/thumb/v7e-m+fp/hard/libc_nano.a(libc_a-fscanf.o)
                0x0800d51c                fiscanf
                0x0800d51c                fscanf
 .text._ftell_r
                0x0800d540        0x4 /opt/st/stm32cubeide_1.15.0/plugins/com.st.stm32cube.ide.mcu.externaltools.gnu-tools-for-stm32.12.3.rel1.linux64_1.0.100.202403111256/tools/bin/../lib/gcc/arm-none-eabi/12.3.1/../../../../arm-none-eabi/lib/thumb/v7e-m+fp/hard/libc_nano.a(libc_a-ftell.o)
                0x0800d540                _ftell_r
 .text._fwalk_sglue
                0x0800d544       0x3c /opt/st/stm32cubeide_1.15.0/plugins/com.st.stm32cube.ide.mcu.externaltools.gnu-tools-for-stm32.12.3.rel1.linux64_1.0.100.202403111256/tools/bin/../lib/gcc/arm-none-eabi/12.3.1/../../../../arm-none-eabi/lib/thumb/v7e-m+fp/hard/libc_nano.a(libc_a-fwalk.o)
                0x0800d544                _fwalk_sglue
 .text._fwrite_r
                0x0800d580       0x96 /opt/st/stm32cubeide_1.15.0/plugins/com.st.stm32cube.ide.mcu.externaltools.gnu-tools-for-stm32.12.3.rel1.linux64_1.0.100.202403111256/tools/bin/../lib/gcc/arm-none-eabi/12.3.1/../../../../arm-none-eabi/lib/thumb/v7e-m+fp/hard/libc_nano.a(libc_a-fwrite.o)
                0x0800d580                _fwrite_r
 *fill*         0x0800d616        0x2 
 .text.fwrite   0x0800d618       0x1c /opt/st/stm32cubeide_1.15.0/plugins/com.st.stm32cube.ide.mcu.externaltools.gnu-tools-for-stm32.12.3.rel1.linux64_1.0.100.202403111256/tools/bin/../lib/gcc/arm-none-eabi/12.3.1/../../../../arm-none-eabi/lib/thumb/v7e-m+fp/hard/libc_nano.a(libc_a-fwrite.o)
                0x0800d618                fwrite
 .text.getc     0x0800d634       0x60 /opt/st/stm32cubeide_1.15.0/plugins/com.st.stm32cube.ide.mcu.externaltools.gnu-tools-for-stm32.12.3.rel1.linux64_1.0.100.202403111256/tools/bin/../lib/gcc/arm-none-eabi/12.3.1/../../../../arm-none-eabi/lib/thumb/v7e-m+fp/hard/libc_nano.a(libc_a-getc.o)
                0x0800d634                getc
 .text.printf   0x0800d694       0x24 /opt/st/stm32cubeide_1.15.0/plugins/com.st.stm32cube.ide.mcu.externaltools.gnu-tools-for-stm32.12.3.rel1.linux64_1.0.100.202403111256/tools/bin/../lib/gcc/arm-none-eabi/12.3.1/../../../../arm-none-eabi/lib/thumb/v7e-m+fp/hard/libc_nano.a(libc_a-printf.o)
                0x0800d694                printf
                0x0800d694                iprintf
 .text._putc_r  0x0800d6b8       0x68 /opt/st/stm32cubeide_1.15.0/plugins/com.st.stm32cube.ide.mcu.externaltools.gnu-tools-for-stm32.12.3.rel1.linux64_1.0.100.202403111256/tools/bin/../lib/gcc/arm-none-eabi/12.3.1/../../../../arm-none-eabi/lib/thumb/v7e-m+fp/hard/libc_nano.a(libc_a-putc.o)
                0x0800d6b8                _putc_r
 .text.putchar  0x0800d720       0x10 /opt/st/stm32cubeide_1.15.0/plugins/com.st.stm32cube.ide.mcu.externaltools.gnu-tools-for-stm32.12.3.rel1.linux64_1.0.100.202403111256/tools/bin/../lib/gcc/arm-none-eabi/12.3.1/../../../../arm-none-eabi/lib/thumb/v7e-m+fp/hard/libc_nano.a(libc_a-putchar.o)
                0x0800d720                putchar
 .text.lflush   0x0800d730       0x1c /opt/st/stm32cubeide_1.15.0/plugins/com.st.stm32cube.ide.mcu.externaltools.gnu-tools-for-stm32.12.3.rel1.linux64_1.0.100.202403111256/tools/bin/../lib/gcc/arm-none-eabi/12.3.1/../../../../arm-none-eabi/lib/thumb/v7e-m+fp/hard/libc_nano.a(libc_a-refill.o)
 .text.__srefill_r
                0x0800d74c       0xe8 /opt/st/stm32cubeide_1.15.0/plugins/com.st.stm32cube.ide.mcu.externaltools.gnu-tools-for-stm32.12.3.rel1.linux64_1.0.100.202403111256/tools/bin/../lib/gcc/arm-none-eabi/12.3.1/../../../../arm-none-eabi/lib/thumb/v7e-m+fp/hard/libc_nano.a(libc_a-refill.o)
                0x0800d74c                __srefill_r
 .text.__srget_r
                0x0800d834       0x30 /opt/st/stm32cubeide_1.15.0/plugins/com.st.stm32cube.ide.mcu.externaltools.gnu-tools-for-stm32.12.3.rel1.linux64_1.0.100.202403111256/tools/bin/../lib/gcc/arm-none-eabi/12.3.1/../../../../arm-none-eabi/lib/thumb/v7e-m+fp/hard/libc_nano.a(libc_a-rget.o)
                0x0800d834                __srget_r
 .text.setvbuf  0x0800d864      0x168 /opt/st/stm32cubeide_1.15.0/plugins/com.st.stm32cube.ide.mcu.externaltools.gnu-tools-for-stm32.12.3.rel1.linux64_1.0.100.202403111256/tools/bin/../lib/gcc/arm-none-eabi/12.3.1/../../../../arm-none-eabi/lib/thumb/v7e-m+fp/hard/libc_nano.a(libc_a-setvbuf.o)
                0x0800d864                setvbuf
 .text.sprintf  0x0800d9cc       0x40 /opt/st/stm32cubeide_1.15.0/plugins/com.st.stm32cube.ide.mcu.externaltools.gnu-tools-for-stm32.12.3.rel1.linux64_1.0.100.202403111256/tools/bin/../lib/gcc/arm-none-eabi/12.3.1/../../../../arm-none-eabi/lib/thumb/v7e-m+fp/hard/libc_nano.a(libc_a-sprintf.o)
                0x0800d9cc                sprintf
                0x0800d9cc                siprintf
 .text.__sread  0x0800da0c       0x22 /opt/st/stm32cubeide_1.15.0/plugins/com.st.stm32cube.ide.mcu.externaltools.gnu-tools-for-stm32.12.3.rel1.linux64_1.0.100.202403111256/tools/bin/../lib/gcc/arm-none-eabi/12.3.1/../../../../arm-none-eabi/lib/thumb/v7e-m+fp/hard/libc_nano.a(libc_a-stdio.o)
                0x0800da0c                __sread
 .text.__swrite
                0x0800da2e       0x38 /opt/st/stm32cubeide_1.15.0/plugins/com.st.stm32cube.ide.mcu.externaltools.gnu-tools-for-stm32.12.3.rel1.linux64_1.0.100.202403111256/tools/bin/../lib/gcc/arm-none-eabi/12.3.1/../../../../arm-none-eabi/lib/thumb/v7e-m+fp/hard/libc_nano.a(libc_a-stdio.o)
                0x0800da2e                __swrite
 .text.__sseek  0x0800da66       0x24 /opt/st/stm32cubeide_1.15.0/plugins/com.st.stm32cube.ide.mcu.externaltools.gnu-tools-for-stm32.12.3.rel1.linux64_1.0.100.202403111256/tools/bin/../lib/gcc/arm-none-eabi/12.3.1/../../../../arm-none-eabi/lib/thumb/v7e-m+fp/hard/libc_nano.a(libc_a-stdio.o)
                0x0800da66                __sseek
 .text.__sclose
                0x0800da8a        0x8 /opt/st/stm32cubeide_1.15.0/plugins/com.st.stm32cube.ide.mcu.externaltools.gnu-tools-for-stm32.12.3.rel1.linux64_1.0.100.202403111256/tools/bin/../lib/gcc/arm-none-eabi/12.3.1/../../../../arm-none-eabi/lib/thumb/v7e-m+fp/hard/libc_nano.a(libc_a-stdio.o)
                0x0800da8a                __sclose
 .text.__submore
                0x0800da92       0x74 /opt/st/stm32cubeide_1.15.0/plugins/com.st.stm32cube.ide.mcu.externaltools.gnu-tools-for-stm32.12.3.rel1.linux64_1.0.100.202403111256/tools/bin/../lib/gcc/arm-none-eabi/12.3.1/../../../../arm-none-eabi/lib/thumb/v7e-m+fp/hard/libc_nano.a(libc_a-ungetc.o)
                0x0800da92                __submore
 .text._ungetc_r
                0x0800db06       0xfe /opt/st/stm32cubeide_1.15.0/plugins/com.st.stm32cube.ide.mcu.externaltools.gnu-tools-for-stm32.12.3.rel1.linux64_1.0.100.202403111256/tools/bin/../lib/gcc/arm-none-eabi/12.3.1/../../../../arm-none-eabi/lib/thumb/v7e-m+fp/hard/libc_nano.a(libc_a-ungetc.o)
                0x0800db06                _ungetc_r
 .text.ungetc   0x0800dc04       0x10 /opt/st/stm32cubeide_1.15.0/plugins/com.st.stm32cube.ide.mcu.externaltools.gnu-tools-for-stm32.12.3.rel1.linux64_1.0.100.202403111256/tools/bin/../lib/gcc/arm-none-eabi/12.3.1/../../../../arm-none-eabi/lib/thumb/v7e-m+fp/hard/libc_nano.a(libc_a-ungetc.o)
                0x0800dc04                ungetc
 .text.__swbuf_r
                0x0800dc14       0x7c /opt/st/stm32cubeide_1.15.0/plugins/com.st.stm32cube.ide.mcu.externaltools.gnu-tools-for-stm32.12.3.rel1.linux64_1.0.100.202403111256/tools/bin/../lib/gcc/arm-none-eabi/12.3.1/../../../../arm-none-eabi/lib/thumb/v7e-m+fp/hard/libc_nano.a(libc_a-wbuf.o)
                0x0800dc14                __swbuf_r
 .text.__swsetup_r
                0x0800dc90       0xac /opt/st/stm32cubeide_1.15.0/plugins/com.st.stm32cube.ide.mcu.externaltools.gnu-tools-for-stm32.12.3.rel1.linux64_1.0.100.202403111256/tools/bin/../lib/gcc/arm-none-eabi/12.3.1/../../../../arm-none-eabi/lib/thumb/v7e-m+fp/hard/libc_nano.a(libc_a-wsetup.o)
                0x0800dc90                __swsetup_r
 .text._ftello_r
                0x0800dd3c       0xb6 /opt/st/stm32cubeide_1.15.0/plugins/com.st.stm32cube.ide.mcu.externaltools.gnu-tools-for-stm32.12.3.rel1.linux64_1.0.100.202403111256/tools/bin/../lib/gcc/arm-none-eabi/12.3.1/../../../../arm-none-eabi/lib/thumb/v7e-m+fp/hard/libc_nano.a(libc_a-ftello.o)
                0x0800dd3c                _ftello_r
 .text.fmemseeker
                0x0800ddf2       0x5c /opt/st/stm32cubeide_1.15.0/plugins/com.st.stm32cube.ide.mcu.externaltools.gnu-tools-for-stm32.12.3.rel1.linux64_1.0.100.202403111256/tools/bin/../lib/gcc/arm-none-eabi/12.3.1/../../../../arm-none-eabi/lib/thumb/v7e-m+fp/hard/libc_nano.a(libc_a-fmemopen.o)
 .text.fmemcloser
                0x0800de4e        0xc /opt/st/stm32cubeide_1.15.0/plugins/com.st.stm32cube.ide.mcu.externaltools.gnu-tools-for-stm32.12.3.rel1.linux64_1.0.100.202403111256/tools/bin/../lib/gcc/arm-none-eabi/12.3.1/../../../../arm-none-eabi/lib/thumb/v7e-m+fp/hard/libc_nano.a(libc_a-fmemopen.o)
 .text.fmemwriter
                0x0800de5a       0x96 /opt/st/stm32cubeide_1.15.0/plugins/com.st.stm32cube.ide.mcu.externaltools.gnu-tools-for-stm32.12.3.rel1.linux64_1.0.100.202403111256/tools/bin/../lib/gcc/arm-none-eabi/12.3.1/../../../../arm-none-eabi/lib/thumb/v7e-m+fp/hard/libc_nano.a(libc_a-fmemopen.o)
 .text.fmemreader
                0x0800def0       0x30 /opt/st/stm32cubeide_1.15.0/plugins/com.st.stm32cube.ide.mcu.externaltools.gnu-tools-for-stm32.12.3.rel1.linux64_1.0.100.202403111256/tools/bin/../lib/gcc/arm-none-eabi/12.3.1/../../../../arm-none-eabi/lib/thumb/v7e-m+fp/hard/libc_nano.a(libc_a-fmemopen.o)
 .text._fmemopen_r
                0x0800df20      0x13c /opt/st/stm32cubeide_1.15.0/plugins/com.st.stm32cube.ide.mcu.externaltools.gnu-tools-for-stm32.12.3.rel1.linux64_1.0.100.202403111256/tools/bin/../lib/gcc/arm-none-eabi/12.3.1/../../../../arm-none-eabi/lib/thumb/v7e-m+fp/hard/libc_nano.a(libc_a-fmemopen.o)
                0x0800df20                _fmemopen_r
 .text.fmemopen
                0x0800e05c       0x14 /opt/st/stm32cubeide_1.15.0/plugins/com.st.stm32cube.ide.mcu.externaltools.gnu-tools-for-stm32.12.3.rel1.linux64_1.0.100.202403111256/tools/bin/../lib/gcc/arm-none-eabi/12.3.1/../../../../arm-none-eabi/lib/thumb/v7e-m+fp/hard/libc_nano.a(libc_a-fmemopen.o)
                0x0800e05c                fmemopen
 .text.memset   0x0800e070       0x10 /opt/st/stm32cubeide_1.15.0/plugins/com.st.stm32cube.ide.mcu.externaltools.gnu-tools-for-stm32.12.3.rel1.linux64_1.0.100.202403111256/tools/bin/../lib/gcc/arm-none-eabi/12.3.1/../../../../arm-none-eabi/lib/thumb/v7e-m+fp/hard/libc_nano.a(libc_a-memset.o)
                0x0800e070                memset
 .text.strcasecmp
                0x0800e080       0x34 /opt/st/stm32cubeide_1.15.0/plugins/com.st.stm32cube.ide.mcu.externaltools.gnu-tools-for-stm32.12.3.rel1.linux64_1.0.100.202403111256/tools/bin/../lib/gcc/arm-none-eabi/12.3.1/../../../../arm-none-eabi/lib/thumb/v7e-m+fp/hard/libc_nano.a(libc_a-strcasecmp.o)
                0x0800e080                strcasecmp
 .text._localeconv_r
                0x0800e0b4        0x8 /opt/st/stm32cubeide_1.15.0/plugins/com.st.stm32cube.ide.mcu.externaltools.gnu-tools-for-stm32.12.3.rel1.linux64_1.0.100.202403111256/tools/bin/../lib/gcc/arm-none-eabi/12.3.1/../../../../arm-none-eabi/lib/thumb/v7e-m+fp/hard/libc_nano.a(libc_a-localeconv.o)
                0x0800e0b4                _localeconv_r
 .text._close_r
                0x0800e0bc       0x20 /opt/st/stm32cubeide_1.15.0/plugins/com.st.stm32cube.ide.mcu.externaltools.gnu-tools-for-stm32.12.3.rel1.linux64_1.0.100.202403111256/tools/bin/../lib/gcc/arm-none-eabi/12.3.1/../../../../arm-none-eabi/lib/thumb/v7e-m+fp/hard/libc_nano.a(libc_a-closer.o)
                0x0800e0bc                _close_r
 .text._lseek_r
                0x0800e0dc       0x24 /opt/st/stm32cubeide_1.15.0/plugins/com.st.stm32cube.ide.mcu.externaltools.gnu-tools-for-stm32.12.3.rel1.linux64_1.0.100.202403111256/tools/bin/../lib/gcc/arm-none-eabi/12.3.1/../../../../arm-none-eabi/lib/thumb/v7e-m+fp/hard/libc_nano.a(libc_a-lseekr.o)
                0x0800e0dc                _lseek_r
 .text._read_r  0x0800e100       0x24 /opt/st/stm32cubeide_1.15.0/plugins/com.st.stm32cube.ide.mcu.externaltools.gnu-tools-for-stm32.12.3.rel1.linux64_1.0.100.202403111256/tools/bin/../lib/gcc/arm-none-eabi/12.3.1/../../../../arm-none-eabi/lib/thumb/v7e-m+fp/hard/libc_nano.a(libc_a-readr.o)
                0x0800e100                _read_r
 .text._sbrk_r  0x0800e124       0x20 /opt/st/stm32cubeide_1.15.0/plugins/com.st.stm32cube.ide.mcu.externaltools.gnu-tools-for-stm32.12.3.rel1.linux64_1.0.100.202403111256/tools/bin/../lib/gcc/arm-none-eabi/12.3.1/../../../../arm-none-eabi/lib/thumb/v7e-m+fp/hard/libc_nano.a(libc_a-sbrkr.o)
                0x0800e124                _sbrk_r
 .text._write_r
                0x0800e144       0x24 /opt/st/stm32cubeide_1.15.0/plugins/com.st.stm32cube.ide.mcu.externaltools.gnu-tools-for-stm32.12.3.rel1.linux64_1.0.100.202403111256/tools/bin/../lib/gcc/arm-none-eabi/12.3.1/../../../../arm-none-eabi/lib/thumb/v7e-m+fp/hard/libc_nano.a(libc_a-writer.o)
                0x0800e144                _write_r
 .text.__errno  0x0800e168        0xc /opt/st/stm32cubeide_1.15.0/plugins/com.st.stm32cube.ide.mcu.externaltools.gnu-tools-for-stm32.12.3.rel1.linux64_1.0.100.202403111256/tools/bin/../lib/gcc/arm-none-eabi/12.3.1/../../../../arm-none-eabi/lib/thumb/v7e-m+fp/hard/libc_nano.a(libc_a-errno.o)
                0x0800e168                __errno
 .text.__libc_init_array
                0x0800e174       0x48 /opt/st/stm32cubeide_1.15.0/plugins/com.st.stm32cube.ide.mcu.externaltools.gnu-tools-for-stm32.12.3.rel1.linux64_1.0.100.202403111256/tools/bin/../lib/gcc/arm-none-eabi/12.3.1/../../../../arm-none-eabi/lib/thumb/v7e-m+fp/hard/libc_nano.a(libc_a-init.o)
                0x0800e174                __libc_init_array
 .text.__retarget_lock_init_recursive
                0x0800e1bc        0x2 /opt/st/stm32cubeide_1.15.0/plugins/com.st.stm32cube.ide.mcu.externaltools.gnu-tools-for-stm32.12.3.rel1.linux64_1.0.100.202403111256/tools/bin/../lib/gcc/arm-none-eabi/12.3.1/../../../../arm-none-eabi/lib/thumb/v7e-m+fp/hard/libc_nano.a(libc_a-lock.o)
                0x0800e1bc                __retarget_lock_init_recursive
 .text.__retarget_lock_close_recursive
                0x0800e1be        0x2 /opt/st/stm32cubeide_1.15.0/plugins/com.st.stm32cube.ide.mcu.externaltools.gnu-tools-for-stm32.12.3.rel1.linux64_1.0.100.202403111256/tools/bin/../lib/gcc/arm-none-eabi/12.3.1/../../../../arm-none-eabi/lib/thumb/v7e-m+fp/hard/libc_nano.a(libc_a-lock.o)
                0x0800e1be                __retarget_lock_close_recursive
 .text.__retarget_lock_acquire_recursive
                0x0800e1c0        0x2 /opt/st/stm32cubeide_1.15.0/plugins/com.st.stm32cube.ide.mcu.externaltools.gnu-tools-for-stm32.12.3.rel1.linux64_1.0.100.202403111256/tools/bin/../lib/gcc/arm-none-eabi/12.3.1/../../../../arm-none-eabi/lib/thumb/v7e-m+fp/hard/libc_nano.a(libc_a-lock.o)
                0x0800e1c0                __retarget_lock_acquire_recursive
 .text.__retarget_lock_release_recursive
                0x0800e1c2        0x2 /opt/st/stm32cubeide_1.15.0/plugins/com.st.stm32cube.ide.mcu.externaltools.gnu-tools-for-stm32.12.3.rel1.linux64_1.0.100.202403111256/tools/bin/../lib/gcc/arm-none-eabi/12.3.1/../../../../arm-none-eabi/lib/thumb/v7e-m+fp/hard/libc_nano.a(libc_a-lock.o)
                0x0800e1c2                __retarget_lock_release_recursive
 .text.strcpy   0x0800e1c4       0x10 /opt/st/stm32cubeide_1.15.0/plugins/com.st.stm32cube.ide.mcu.externaltools.gnu-tools-for-stm32.12.3.rel1.linux64_1.0.100.202403111256/tools/bin/../lib/gcc/arm-none-eabi/12.3.1/../../../../arm-none-eabi/lib/thumb/v7e-m+fp/hard/libc_nano.a(libc_a-strcpy.o)
                0x0800e1c4                strcpy
 .text.memcpy   0x0800e1d4       0x1c /opt/st/stm32cubeide_1.15.0/plugins/com.st.stm32cube.ide.mcu.externaltools.gnu-tools-for-stm32.12.3.rel1.linux64_1.0.100.202403111256/tools/bin/../lib/gcc/arm-none-eabi/12.3.1/../../../../arm-none-eabi/lib/thumb/v7e-m+fp/hard/libc_nano.a(libc_a-memcpy-stub.o)
                0x0800e1d4                memcpy
 .text.nanf     0x0800e1f0        0xc /opt/st/stm32cubeide_1.15.0/plugins/com.st.stm32cube.ide.mcu.externaltools.gnu-tools-for-stm32.12.3.rel1.linux64_1.0.100.202403111256/tools/bin/../lib/gcc/arm-none-eabi/12.3.1/../../../../arm-none-eabi/lib/thumb/v7e-m+fp/hard/libc_nano.a(libm_a-sf_nan.o)
                0x0800e1f0                nanf
 .text.abort    0x0800e1fc        0xe /opt/st/stm32cubeide_1.15.0/plugins/com.st.stm32cube.ide.mcu.externaltools.gnu-tools-for-stm32.12.3.rel1.linux64_1.0.100.202403111256/tools/bin/../lib/gcc/arm-none-eabi/12.3.1/../../../../arm-none-eabi/lib/thumb/v7e-m+fp/hard/libc_nano.a(libc_a-abort.o)
                0x0800e1fc                abort
 .text.quorem   0x0800e20a      0x110 /opt/st/stm32cubeide_1.15.0/plugins/com.st.stm32cube.ide.mcu.externaltools.gnu-tools-for-stm32.12.3.rel1.linux64_1.0.100.202403111256/tools/bin/../lib/gcc/arm-none-eabi/12.3.1/../../../../arm-none-eabi/lib/thumb/v7e-m+fp/hard/libc_nano.a(libc_a-dtoa.o)
 *fill*         0x0800e31a        0x6 
 .text._dtoa_r  0x0800e320      0xb88 /opt/st/stm32cubeide_1.15.0/plugins/com.st.stm32cube.ide.mcu.externaltools.gnu-tools-for-stm32.12.3.rel1.linux64_1.0.100.202403111256/tools/bin/../lib/gcc/arm-none-eabi/12.3.1/../../../../arm-none-eabi/lib/thumb/v7e-m+fp/hard/libc_nano.a(libc_a-dtoa.o)
                0x0800e320                _dtoa_r
 .text._free_r  0x0800eea8       0x94 /opt/st/stm32cubeide_1.15.0/plugins/com.st.stm32cube.ide.mcu.externaltools.gnu-tools-for-stm32.12.3.rel1.linux64_1.0.100.202403111256/tools/bin/../lib/gcc/arm-none-eabi/12.3.1/../../../../arm-none-eabi/lib/thumb/v7e-m+fp/hard/libc_nano.a(libc_a-freer.o)
                0x0800eea8                _free_r
 .text._Balloc  0x0800ef3c       0x80 /opt/st/stm32cubeide_1.15.0/plugins/com.st.stm32cube.ide.mcu.externaltools.gnu-tools-for-stm32.12.3.rel1.linux64_1.0.100.202403111256/tools/bin/../lib/gcc/arm-none-eabi/12.3.1/../../../../arm-none-eabi/lib/thumb/v7e-m+fp/hard/libc_nano.a(libc_a-mprec.o)
                0x0800ef3c                _Balloc
 .text._Bfree   0x0800efbc       0x44 /opt/st/stm32cubeide_1.15.0/plugins/com.st.stm32cube.ide.mcu.externaltools.gnu-tools-for-stm32.12.3.rel1.linux64_1.0.100.202403111256/tools/bin/../lib/gcc/arm-none-eabi/12.3.1/../../../../arm-none-eabi/lib/thumb/v7e-m+fp/hard/libc_nano.a(libc_a-mprec.o)
                0x0800efbc                _Bfree
 .text.__multadd
                0x0800f000       0x8c /opt/st/stm32cubeide_1.15.0/plugins/com.st.stm32cube.ide.mcu.externaltools.gnu-tools-for-stm32.12.3.rel1.linux64_1.0.100.202403111256/tools/bin/../lib/gcc/arm-none-eabi/12.3.1/../../../../arm-none-eabi/lib/thumb/v7e-m+fp/hard/libc_nano.a(libc_a-mprec.o)
                0x0800f000                __multadd
 .text.__s2b    0x0800f08c       0x94 /opt/st/stm32cubeide_1.15.0/plugins/com.st.stm32cube.ide.mcu.externaltools.gnu-tools-for-stm32.12.3.rel1.linux64_1.0.100.202403111256/tools/bin/../lib/gcc/arm-none-eabi/12.3.1/../../../../arm-none-eabi/lib/thumb/v7e-m+fp/hard/libc_nano.a(libc_a-mprec.o)
                0x0800f08c                __s2b
 .text.__hi0bits
                0x0800f120       0x3e /opt/st/stm32cubeide_1.15.0/plugins/com.st.stm32cube.ide.mcu.externaltools.gnu-tools-for-stm32.12.3.rel1.linux64_1.0.100.202403111256/tools/bin/../lib/gcc/arm-none-eabi/12.3.1/../../../../arm-none-eabi/lib/thumb/v7e-m+fp/hard/libc_nano.a(libc_a-mprec.o)
                0x0800f120                __hi0bits
 .text.__lo0bits
                0x0800f15e       0x5a /opt/st/stm32cubeide_1.15.0/plugins/com.st.stm32cube.ide.mcu.externaltools.gnu-tools-for-stm32.12.3.rel1.linux64_1.0.100.202403111256/tools/bin/../lib/gcc/arm-none-eabi/12.3.1/../../../../arm-none-eabi/lib/thumb/v7e-m+fp/hard/libc_nano.a(libc_a-mprec.o)
                0x0800f15e                __lo0bits
 .text.__i2b    0x0800f1b8       0x2c /opt/st/stm32cubeide_1.15.0/plugins/com.st.stm32cube.ide.mcu.externaltools.gnu-tools-for-stm32.12.3.rel1.linux64_1.0.100.202403111256/tools/bin/../lib/gcc/arm-none-eabi/12.3.1/../../../../arm-none-eabi/lib/thumb/v7e-m+fp/hard/libc_nano.a(libc_a-mprec.o)
                0x0800f1b8                __i2b
 .text.__multiply
                0x0800f1e4      0x154 /opt/st/stm32cubeide_1.15.0/plugins/com.st.stm32cube.ide.mcu.externaltools.gnu-tools-for-stm32.12.3.rel1.linux64_1.0.100.202403111256/tools/bin/../lib/gcc/arm-none-eabi/12.3.1/../../../../arm-none-eabi/lib/thumb/v7e-m+fp/hard/libc_nano.a(libc_a-mprec.o)
                0x0800f1e4                __multiply
 .text.__pow5mult
                0x0800f338       0xb4 /opt/st/stm32cubeide_1.15.0/plugins/com.st.stm32cube.ide.mcu.externaltools.gnu-tools-for-stm32.12.3.rel1.linux64_1.0.100.202403111256/tools/bin/../lib/gcc/arm-none-eabi/12.3.1/../../../../arm-none-eabi/lib/thumb/v7e-m+fp/hard/libc_nano.a(libc_a-mprec.o)
                0x0800f338                __pow5mult
 .text.__lshift
                0x0800f3ec       0xd8 /opt/st/stm32cubeide_1.15.0/plugins/com.st.stm32cube.ide.mcu.externaltools.gnu-tools-for-stm32.12.3.rel1.linux64_1.0.100.202403111256/tools/bin/../lib/gcc/arm-none-eabi/12.3.1/../../../../arm-none-eabi/lib/thumb/v7e-m+fp/hard/libc_nano.a(libc_a-mprec.o)
                0x0800f3ec                __lshift