../Core/Src/EE240_LabPart06_Utilities.c:58:6:InitCarRecordsAndModels	8	static
../Core/Src/EE240_LabPart06_Utilities.c:70:17:Get_pModelRecords	4	static
../Core/Src/EE240_LabPart06_Utilities.c:81:15:Get_pCarRecords	4	static
../Core/Src/EE240_LabPart06_Utilities.c:92:6:PrintStringsFromAList	32	static
../Core/Src/EE240_LabPart06_Utilities.c:105:6:PrintHelpMessage	16	static
../Core/Src/EE240_LabPart06_Utilities.c:136:5:CharacterToPrintableString	16	static
../Core/Src/EE240_LabPart06_Utilities.c:172:5:SuppressCharactersOffEndOfString	56	static
../Core/Src/EE240_LabPart06_Utilities.c:209:5:GobbleCharactersFromBeginningOfStream	48	static
../Core/Src/EE240_LabPart06_Utilities.c:268:5:ParseStringPopulateCarRecord	472	static
../Core/Src/EE240_LabPart06_Utilities.c:362:7:FindStringOnList	32	static
../Core/Src/EE240_LabPart06_Utilities.c:391:5:DetermineOrderOfTwoCarRecords	24	static
../Core/Src/EE240_LabPart06_Utilities.c:450:5:EliminateDuplicatesInCarList	32	static
../Core/Src/EE240_LabPart06_Utilities.c:488:5:CompareTwoListsOfCars	40	static
../Core/Src/EE240_LabPart06_Utilities.c:529:5:InitializeQueryControl	40	static
../Core/Src/EE240_LabPart06_Utilities.c:600:5:SetQueryCommand	32	static
../Core/Src/EE240_LabPart06_Utilities.c:650:8:GetQueryCommandName	16	static
../Core/Src/EE240_LabPart06_Utilities.c:671:5:SetCategoryLabel	32	static
../Core/Src/EE240_LabPart06_Utilities.c:714:8:GetCategoryLabel	16	static
../Core/Src/EE240_LabPart06_Utilities.c:737:5:SetRelationalOperator	24	static
../Core/Src/EE240_LabPart06_Utilities.c:761:8:GetRelationOperator	16	static
../Core/Src/EE240_LabPart06_Utilities.c:781:5:ParseQueryCommandLine	208	static
../Core/Src/EE240_LabPart06_Utilities.c:959:7:GetCategoryValueForCar	16	static
../Core/Src/EE240_LabPart06_Utilities.c:982:6:VerifyCategoryIsInRange	24	static
../Core/Src/EE240_LabPart06_Utilities.c:1025:5:TestWhetherCarMatchesQueryValues	24	static
../Core/Src/EE240_LabPart06_Utilities.c:1055:8:sNewOrUsed	16	static
../Core/Src/EE240_LabPart06_Utilities.c:1063:17:ReceiveAListOfCarRecords	184	static
../Core/Src/EE240_LabPart06_Utilities.c:1147:5:Transmit_CarRecords	40	static
../Core/Src/EE240_LabPart06_Utilities.c:1232:5:CountCarsOnList	24	static
../Core/Src/EE240_LabPart06_Utilities.c:1252:17:FindTailOfCarList	16	static
../Core/Src/EE240_LabPart06_Utilities.c:1270:6:PrettyPrintACar	80	static
../Core/Src/EE240_LabPart06_Utilities.c:1284:5:PrettyPrintListOfCars	24	static
../Core/Src/EE240_LabPart06_Utilities.c:1302:6:PrettyPrintAQueryCommand	48	static
