../Core/Src/EE240_Utilities.c:36:5:__io_putchar	24	static
../Core/Src/EE240_Utilities.c:57:5:__io_getchar	24	static
../Core/Src/EE240_Utilities.c:88:5:GobbleWhiteSpace	24	static
../Core/Src/EE240_Utilities.c:112:5:PrintStringWithSpecialCharacters	32	static
../Core/Src/EE240_Utilities.c:152:5:ProcessBackspaceCharacters	24	static
../Core/Src/EE240_Utilities.c:194:7:InitializeConsoleCommunication	8	static
../Core/Src/EE240_Utilities.c:209:6:PrintOnConsolePort	24	static
../Core/Src/EE240_Utilities.c:217:6:ConfigureTimer2ToStopWhenDebuggerStops	8	static
../Core/Src/EE240_Utilities.c:233:11:ReadTimer2	4	static
../Core/Src/EE240_Utilities.c:238:6:InitializeHD44780_Display	8	static
../Core/Src/EE240_Utilities.c:254:5:WriteNUCLEO_LED	24	static
../Core/Src/EE240_Utilities.c:279:5:ClearNUCLEO_LEDs	16	static
../Core/Src/EE240_Utilities.c:295:5:FlashNUCLEO_LED	16	static
../Core/Src/EE240_Utilities.c:312:6:BlockingFlashAndSetNUCLEO_LED	24	static
../Core/Src/EE240_Utilities.c:329:5:ReadUserButton	8	static
../Core/Src/EE240_Utilities.c:342:6:BlockUntilUserButtonRelease	24	static
../Core/Src/EE240_Utilities.c:364:5:WriteOutBit	24	static
../Core/Src/EE240_Utilities.c:393:5:ClearOutBits	16	static
../Core/Src/EE240_Utilities.c:411:5:ReadInBit	24	static
